ARM Linker, 5.03 [Build 76] [MDK-ARM Professional]

==============================================================================

Section Cross References

    main.o(.text) refers to stm32f4xx_rcc.o(.text) for RCC_DeInit
    main.o(.text) refers to stm32f4xx_gpio.o(.text) for GPIO_Init
    main.o(.text) refers to delay.o(.text) for delay_init
    main.o(.text) refers to usart.o(.text) for usart_init
    main.o(.text) refers to wlaninit.o(.text) for Wlan_Init
    main.o(.text) refers to uip_app.o(.text) for uIP_Net_Init
    main.o(.text) refers to wificommand.o(.text) for WiFiCmd_RunCommand
    main.o(.text) refers to dcmi_ov2640.o(.text) for OV2640_HW_Init
    main.o(.text) refers to stm32f4xx_dma.o(.text) for DMA_Cmd
    main.o(.text) refers to stm32f4xx_dcmi.o(.text) for DCMI_Cmd
    main.o(.text) refers to wlanadapter.o(.data) for g_pWlanAdapter
    main.o(.text) refers to dcmi_ov2640.o(.data) for Dma_FreeBuf_Ok
    main.o(.text) refers to udp_client.o(.data) for udp_client_sta
    main.o(.text) refers to usart.o(.bss) for usart_struct
    delay.o(.text) refers to misc.o(.text) for SysTick_CLKSourceConfig
    delay.o(.text) refers to system_stm32f4xx.o(.data) for SystemCoreClock
    delay.o(.text) refers to delay.o(.data) for fac_us
    rm68042.o(.text) refers to delay.o(.text) for delay_us
    rm68042.o(.text) refers to rm68042.o(.bss) for lcddev
    rm68042.o(.text) refers to rm68042.o(.data) for POINT_COLOR
    rm68042.o(.text) refers to rm68042.o(.constdata) for asc2_1206
    rm68042.o(.text) refers to stm32f4xx_rcc.o(.text) for RCC_AHB1PeriphClockCmd
    rm68042.o(.text) refers to stm32f4xx_gpio.o(.text) for GPIO_PinAFConfig
    rm68042.o(.text) refers to stm32f4xx_fsmc.o(.text) for FSMC_NORSRAMInit
    sccb.o(.text) refers to delay.o(.text) for delay_us
    stm32f4xx_it.o(.text) refers to stm32f4xx_dcmi.o(.text) for DCMI_GetFlagStatus
    stm32f4xx_it.o(.text) refers to stm32f4xx_dma.o(.text) for DMA_GetITStatus
    stm32f4xx_it.o(.text) refers to stm32f4xx_it.o(.data) for DCMI_FLAG
    stm32f4xx_it.o(.text) refers to wlanadapter.o(.data) for g_pWlanAdapter
    stm32f4xx_it.o(.text) refers to wifi_if.o(.data) for pWlanInterruptCallback
    stm32f4xx_it.o(.text) refers to dcmi_ov2640.o(.data) for Dma_FreeBuf_Ok
    dcmi_ov2640.o(.text) refers to stm32f4xx_rcc.o(.text) for RCC_AHB1PeriphClockCmd
    dcmi_ov2640.o(.text) refers to stm32f4xx_gpio.o(.text) for GPIO_PinAFConfig
    dcmi_ov2640.o(.text) refers to stm32f4xx_i2c.o(.text) for I2C_DeInit
    dcmi_ov2640.o(.text) refers to stm32f4xx_dma.o(.text) for DMA_DeInit
    dcmi_ov2640.o(.text) refers to stm32f4xx_dcmi.o(.text) for DCMI_Init
    dcmi_ov2640.o(.text) refers to misc.o(.text) for NVIC_PriorityGroupConfig
    dcmi_ov2640.o(.text) refers to delay.o(.text) for delay_ms
    dcmi_ov2640.o(.text) refers to dcmi_ov2640.o(.bss) for Image_Buffer1
    dcmi_ov2640.o(.text) refers to dcmi_ov2640.o(.data) for Dma_FreeBuf_Ok
    dcmi_ov2640.o(.text) refers to dcmi_ov2640.o(.constdata) for OV2640_QQVGA
    usart.o(.text) refers to stm32f4xx_rcc.o(.text) for RCC_AHB1PeriphClockCmd
    usart.o(.text) refers to stm32f4xx_gpio.o(.text) for GPIO_PinAFConfig
    usart.o(.text) refers to stm32f4xx_usart.o(.text) for USART_Init
    usart.o(.text) refers to misc.o(.text) for NVIC_PriorityGroupConfig
    usart.o(.text) refers to c89vsnprintf.o(.text) for __c89vsnprintf
    usart.o(.text) refers to stm32f4xx_dma.o(.text) for DMA_GetCurrentMemoryTarget
    usart.o(.text) refers to usart.o(.bss) for usart_struct
    usart.o(.text) refers to dcmi_ov2640.o(.bss) for Image_Buffer1
    flash.o(.text) refers to stm32f4xx_flash.o(.text) for FLASH_Unlock
    gspi.o(.text) refers to stm32f4xx_rcc.o(.text) for RCC_APB2PeriphClockCmd
    gspi.o(.text) refers to stm32f4xx_gpio.o(.text) for GPIO_PinAFConfig
    gspi.o(.text) refers to stm32f4xx_spi.o(.text) for SPI_I2S_DeInit
    timerx.o(.text) refers to stm32f4xx_rcc.o(.text) for RCC_APB1PeriphClockCmd
    timerx.o(.text) refers to stm32f4xx_tim.o(.text) for TIM_TimeBaseInit
    timerx.o(.text) refers to misc.o(.text) for NVIC_Init
    timerx.o(.text) refers to timerx.o(.data) for uip_timer
    startup_stm32f40_41xxx.o(STACK) refers (Special) to heapauxi.o(.text) for __use_two_region_memory
    startup_stm32f40_41xxx.o(HEAP) refers (Special) to heapauxi.o(.text) for __use_two_region_memory
    startup_stm32f40_41xxx.o(RESET) refers (Special) to heapauxi.o(.text) for __use_two_region_memory
    startup_stm32f40_41xxx.o(RESET) refers to startup_stm32f40_41xxx.o(STACK) for __initial_sp
    startup_stm32f40_41xxx.o(RESET) refers to startup_stm32f40_41xxx.o(.text) for Reset_Handler
    startup_stm32f40_41xxx.o(RESET) refers to stm32f4xx_it.o(.text) for NMI_Handler
    startup_stm32f40_41xxx.o(RESET) refers to usart.o(.text) for USART2_IRQHandler
    startup_stm32f40_41xxx.o(RESET) refers to timerx.o(.text) for TIM7_IRQHandler
[...]
    DCMI_JPEGCmd                             0x080019d1   Thumb Code    30  stm32f4xx_dcmi.o(.text)
    DCMI_Cmd                                 0x080019ef   Thumb Code    30  stm32f4xx_dcmi.o(.text)
    DCMI_CaptureCmd                          0x08001a0d   Thumb Code    30  stm32f4xx_dcmi.o(.text)
    DCMI_ReadData                            0x08001a2b   Thumb Code     6  stm32f4xx_dcmi.o(.text)
    DCMI_ITConfig                            0x08001a31   Thumb Code    30  stm32f4xx_dcmi.o(.text)
    DCMI_GetFlagStatus                       0x08001a4f   Thumb Code    44  stm32f4xx_dcmi.o(.text)
    DCMI_ClearFlag                           0x08001a7b   Thumb Code     6  stm32f4xx_dcmi.o(.text)
    DCMI_GetITStatus                         0x08001a81   Thumb Code    24  stm32f4xx_dcmi.o(.text)
    DCMI_ClearITPendingBit                   0x08001a99   Thumb Code     6  stm32f4xx_dcmi.o(.text)
    DMA_DeInit                               0x08001aa5   Thumb Code   324  stm32f4xx_dma.o(.text)
    DMA_Init                                 0x08001be9   Thumb Code    82  stm32f4xx_dma.o(.text)
    DMA_StructInit                           0x08001c3b   Thumb Code    34  stm32f4xx_dma.o(.text)
    DMA_Cmd                                  0x08001c5d   Thumb Code    22  stm32f4xx_dma.o(.text)
    DMA_PeriphIncOffsetSizeConfig            0x08001c73   Thumb Code    22  stm32f4xx_dma.o(.text)
    DMA_FlowControllerConfig                 0x08001c89   Thumb Code    22  stm32f4xx_dma.o(.text)
    DMA_SetCurrDataCounter                   0x08001c9f   Thumb Code     4  stm32f4xx_dma.o(.text)
    DMA_GetCurrDataCounter                   0x08001ca3   Thumb Code     8  stm32f4xx_dma.o(.text)
    DMA_DoubleBufferModeConfig               0x08001cab   Thumb Code    24  stm32f4xx_dma.o(.text)
    DMA_DoubleBufferModeCmd                  0x08001cc3   Thumb Code    22  stm32f4xx_dma.o(.text)
    DMA_MemoryTargetConfig                   0x08001cd9   Thumb Code    10  stm32f4xx_dma.o(.text)
    DMA_GetCurrentMemoryTarget               0x08001ce3   Thumb Code    20  stm32f4xx_dma.o(.text)
    DMA_GetCmdStatus                         0x08001cf7   Thumb Code    20  stm32f4xx_dma.o(.text)
    DMA_GetFIFOStatus                        0x08001d0b   Thumb Code    12  stm32f4xx_dma.o(.text)
    DMA_GetFlagStatus                        0x08001d17   Thumb Code    54  stm32f4xx_dma.o(.text)
    DMA_ClearFlag                            0x08001d4d   Thumb Code    40  stm32f4xx_dma.o(.text)
    DMA_ITConfig                             0x08001d75   Thumb Code    58  stm32f4xx_dma.o(.text)
    DMA_GetITStatus                          0x08001daf   Thumb Code    82  stm32f4xx_dma.o(.text)
    DMA_ClearITPendingBit                    0x08001e01   Thumb Code    40  stm32f4xx_dma.o(.text)
    GPIO_DeInit                              0x08001e49   Thumb Code   268  stm32f4xx_gpio.o(.text)
    GPIO_Init                                0x08001f55   Thumb Code   144  stm32f4xx_gpio.o(.text)
    GPIO_StructInit                          0x08001fe5   Thumb Code    18  stm32f4xx_gpio.o(.text)
    GPIO_PinLockConfig                       0x08001ff7   Thumb Code    34  stm32f4xx_gpio.o(.text)
    GPIO_ReadInputDataBit                    0x08002019   Thumb Code    18  stm32f4xx_gpio.o(.text)
    GPIO_ReadInputData                       0x0800202b   Thumb Code     8  stm32f4xx_gpio.o(.text)
    GPIO_ReadOutputDataBit                   0x08002033   Thumb Code    18  stm32f4xx_gpio.o(.text)
    GPIO_ReadOutputData                      0x08002045   Thumb Code     8  stm32f4xx_gpio.o(.text)
    GPIO_SetBits                             0x0800204d   Thumb Code     4  stm32f4xx_gpio.o(.text)
    GPIO_ResetBits                           0x08002051   Thumb Code     4  stm32f4xx_gpio.o(.text)
    GPIO_WriteBit                            0x08002055   Thumb Code    10  stm32f4xx_gpio.o(.text)
    GPIO_Write                               0x0800205f   Thumb Code     4  stm32f4xx_gpio.o(.text)
    GPIO_ToggleBits                          0x08002063   Thumb Code     8  stm32f4xx_gpio.o(.text)
    GPIO_PinAFConfig                         0x0800206b   Thumb Code    70  stm32f4xx_gpio.o(.text)
    I2C_DeInit                               0x080020dd   Thumb Code    82  stm32f4xx_i2c.o(.text)
    I2C_Init                                 0x0800212f   Thumb Code   218  stm32f4xx_i2c.o(.text)
    I2C_StructInit                           0x08002209   Thumb Code    30  stm32f4xx_i2c.o(.text)
    I2C_Cmd                                  0x08002227   Thumb Code    24  stm32f4xx_i2c.o(.text)
    I2C_AnalogFilterCmd                      0x0800223f   Thumb Code    24  stm32f4xx_i2c.o(.text)
    I2C_DigitalFilterConfig                  0x08002257   Thumb Code    22  stm32f4xx_i2c.o(.text)
    I2C_GenerateSTART                        0x0800226d   Thumb Code    24  stm32f4xx_i2c.o(.text)
    I2C_GenerateSTOP                         0x08002285   Thumb Code    24  stm32f4xx_i2c.o(.text)
    I2C_Send7bitAddress                      0x0800229d   Thumb Code    16  stm32f4xx_i2c.o(.text)
    I2C_AcknowledgeConfig                    0x080022ad   Thumb Code    24  stm32f4xx_i2c.o(.text)
    I2C_OwnAddress2Config                    0x080022c5   Thumb Code    22  stm32f4xx_i2c.o(.text)
    I2C_DualAddressCmd                       0x080022db   Thumb Code    24  stm32f4xx_i2c.o(.text)
    I2C_GeneralCallCmd                       0x080022f3   Thumb Code    24  stm32f4xx_i2c.o(.text)
    I2C_SoftwareResetCmd                     0x0800230b   Thumb Code    22  stm32f4xx_i2c.o(.text)
    I2C_StretchClockCmd                      0x08002321   Thumb Code    24  stm32f4xx_i2c.o(.text)
    I2C_FastModeDutyCycleConfig              0x08002339   Thumb Code    28  stm32f4xx_i2c.o(.text)
    I2C_NACKPositionConfig                   0x08002355   Thumb Code    28  stm32f4xx_i2c.o(.text)
    I2C_SMBusAlertConfig                     0x08002371   Thumb Code    28  stm32f4xx_i2c.o(.text)
    I2C_ARPCmd                               0x0800238d   Thumb Code    24  stm32f4xx_i2c.o(.text)
    I2C_SendData                             0x080023a5   Thumb Code     4  stm32f4xx_i2c.o(.text)
    I2C_ReceiveData                          0x080023a9   Thumb Code     8  stm32f4xx_i2c.o(.text)
    I2C_TransmitPEC                          0x080023b1   Thumb Code    24  stm32f4xx_i2c.o(.text)
    I2C_PECPositionConfig                    0x080023c9   Thumb Code    28  stm32f4xx_i2c.o(.text)
    I2C_CalculatePEC                         0x080023e5   Thumb Code    24  stm32f4xx_i2c.o(.text)
    I2C_GetPEC                               0x080023fd   Thumb Code     8  stm32f4xx_i2c.o(.text)
    I2C_DMACmd                               0x08002405   Thumb Code    24  stm32f4xx_i2c.o(.text)
    I2C_DMALastTransferCmd                   0x0800241d   Thumb Code    24  stm32f4xx_i2c.o(.text)
    I2C_ReadRegister                         0x08002435   Thumb Code    22  stm32f4xx_i2c.o(.text)
    I2C_ITConfig                             0x0800244b   Thumb Code    18  stm32f4xx_i2c.o(.text)
    I2C_CheckEvent                           0x0800245d   Thumb Code    42  stm32f4xx_i2c.o(.text)
    I2C_GetLastEvent                         0x08002487   Thumb Code    26  stm32f4xx_i2c.o(.text)
    I2C_GetFlagStatus                        0x080024a1   Thumb Code    84  stm32f4xx_i2c.o(.text)
    I2C_ClearFlag                            0x080024f5   Thumb Code    12  stm32f4xx_i2c.o(.text)
    I2C_GetITStatus                          0x08002501   Thumb Code    38  stm32f4xx_i2c.o(.text)
    I2C_ClearITPendingBit                    0x08002527   Thumb Code    12  stm32f4xx_i2c.o(.text)
    RCC_DeInit                               0x08002535   Thumb Code    82  stm32f4xx_rcc.o(.text)
    RCC_HSEConfig                            0x08002587   Thumb Code    14  stm32f4xx_rcc.o(.text)
    RCC_GetFlagStatus                        0x08002595   Thumb Code    60  stm32f4xx_rcc.o(.text)
    RCC_WaitForHSEStartUp                    0x080025d1   Thumb Code    56  stm32f4xx_rcc.o(.text)
    RCC_AdjustHSICalibrationValue            0x08002609   Thumb Code    20  stm32f4xx_rcc.o(.text)
    RCC_HSICmd                               0x0800261d   Thumb Code     6  stm32f4xx_rcc.o(.text)
    RCC_LSEConfig                            0x08002623   Thumb Code    46  stm32f4xx_rcc.o(.text)
    RCC_LSICmd                               0x08002651   Thumb Code     6  stm32f4xx_rcc.o(.text)
    RCC_PLLConfig                            0x08002657   Thumb Code    32  stm32f4xx_rcc.o(.text)
    RCC_PLLCmd                               0x08002677   Thumb Code     6  stm32f4xx_rcc.o(.text)
    RCC_PLLI2SConfig                         0x0800267d   Thumb Code    14  stm32f4xx_rcc.o(.text)
    RCC_PLLI2SCmd                            0x0800268b   Thumb Code     6  stm32f4xx_rcc.o(.text)
    RCC_PLLSAIConfig                         0x08002691   Thumb Code    20  stm32f4xx_rcc.o(.text)
    RCC_PLLSAICmd                            0x080026a5   Thumb Code     6  stm32f4xx_rcc.o(.text)
    RCC_ClockSecuritySystemCmd               0x080026ab   Thumb Code     6  stm32f4xx_rcc.o(.text)
    RCC_MCO1Config                           0x080026b1   Thumb Code    28  stm32f4xx_rcc.o(.text)
    RCC_MCO2Config                           0x080026cd   Thumb Code    28  stm32f4xx_rcc.o(.text)
    RCC_SYSCLKConfig                         0x080026e9   Thumb Code    20  stm32f4xx_rcc.o(.text)
    RCC_GetSYSCLKSource                      0x080026fd   Thumb Code    12  stm32f4xx_rcc.o(.text)
    RCC_HCLKConfig                           0x08002709   Thumb Code    20  stm32f4xx_rcc.o(.text)
    RCC_PCLK1Config                          0x0800271d   Thumb Code    20  stm32f4xx_rcc.o(.text)
    RCC_PCLK2Config                          0x08002731   Thumb Code    22  stm32f4xx_rcc.o(.text)
    RCC_GetClocksFreq                        0x08002747   Thumb Code   222  stm32f4xx_rcc.o(.text)
    RCC_RTCCLKConfig                         0x08002825   Thumb Code    54  stm32f4xx_rcc.o(.text)
    RCC_RTCCLKCmd                            0x0800285b   Thumb Code     8  stm32f4xx_rcc.o(.text)
    RCC_BackupResetCmd                       0x08002863   Thumb Code     8  stm32f4xx_rcc.o(.text)
    RCC_I2SCLKConfig                         0x0800286b   Thumb Code     6  stm32f4xx_rcc.o(.text)
    RCC_SAIPLLI2SClkDivConfig                0x08002871   Thumb Code    26  stm32f4xx_rcc.o(.text)
    RCC_SAIPLLSAIClkDivConfig                0x0800288b   Thumb Code    28  stm32f4xx_rcc.o(.text)
    RCC_SAIBlockACLKConfig                   0x080028a7   Thumb Code    20  stm32f4xx_rcc.o(.text)
    RCC_SAIBlockBCLKConfig                   0x080028bb   Thumb Code    20  stm32f4xx_rcc.o(.text)
    RCC_LTDCCLKDivConfig                     0x080028cf   Thumb Code    20  stm32f4xx_rcc.o(.text)
    RCC_TIMCLKPresConfig                     0x080028e3   Thumb Code     6  stm32f4xx_rcc.o(.text)
    RCC_AHB1PeriphClockCmd                   0x080028e9   Thumb Code    34  stm32f4xx_rcc.o(.text)
    RCC_AHB2PeriphClockCmd                   0x0800290b   Thumb Code    78  stm32f4xx_rcc.o(.text)
    RCC_AHB3PeriphClockCmd                   0x08002959   Thumb Code    34  stm32f4xx_rcc.o(.text)
    RCC_APB1PeriphClockCmd                   0x0800297b   Thumb Code    34  stm32f4xx_rcc.o(.text)
    RCC_APB2PeriphClockCmd                   0x0800299d   Thumb Code    34  stm32f4xx_rcc.o(.text)
    RCC_AHB1PeriphResetCmd                   0x080029bf   Thumb Code    34  stm32f4xx_rcc.o(.text)
    RCC_AHB2PeriphResetCmd                   0x080029e1   Thumb Code    34  stm32f4xx_rcc.o(.text)
    RCC_AHB3PeriphResetCmd                   0x08002a03   Thumb Code    34  stm32f4xx_rcc.o(.text)
    RCC_APB1PeriphResetCmd                   0x08002a25   Thumb Code    34  stm32f4xx_rcc.o(.text)
    RCC_APB2PeriphResetCmd                   0x08002a47   Thumb Code    34  stm32f4xx_rcc.o(.text)
    RCC_AHB1PeriphClockLPModeCmd             0x08002a69   Thumb Code    34  stm32f4xx_rcc.o(.text)
    RCC_AHB2PeriphClockLPModeCmd             0x08002a8b   Thumb Code    34  stm32f4xx_rcc.o(.text)
    RCC_AHB3PeriphClockLPModeCmd             0x08002aad   Thumb Code    34  stm32f4xx_rcc.o(.text)
    RCC_APB1PeriphClockLPModeCmd             0x08002acf   Thumb Code    34  stm32f4xx_rcc.o(.text)
    RCC_APB2PeriphClockLPModeCmd             0x08002af1   Thumb Code    34  stm32f4xx_rcc.o(.text)
    RCC_ITConfig                             0x08002b13   Thumb Code    34  stm32f4xx_rcc.o(.text)
    RCC_ClearFlag                            0x08002b35   Thumb Code    18  stm32f4xx_rcc.o(.text)
    RCC_GetITStatus                          0x08002b47   Thumb Code    22  stm32f4xx_rcc.o(.text)
    RCC_ClearITPendingBit                    0x08002b5d   Thumb Code     8  stm32f4xx_rcc.o(.text)
    USART_DeInit                             0x08002b69   Thumb Code   206  stm32f4xx_usart.o(.text)
    USART_Init                               0x08002c37   Thumb Code   204  stm32f4xx_usart.o(.text)
    USART_StructInit                         0x08002d03   Thumb Code    24  stm32f4xx_usart.o(.text)
    USART_ClockInit                          0x08002d1b   Thumb Code    32  stm32f4xx_usart.o(.text)
    USART_ClockStructInit                    0x08002d3b   Thumb Code    12  stm32f4xx_usart.o(.text)
    USART_Cmd                                0x08002d47   Thumb Code    24  stm32f4xx_usart.o(.text)
    USART_SetPrescaler                       0x08002d5f   Thumb Code    16  stm32f4xx_usart.o(.text)
    USART_OverSampling8Cmd                   0x08002d6f   Thumb Code    22  stm32f4xx_usart.o(.text)
    USART_OneBitMethodCmd                    0x08002d85   Thumb Code    24  stm32f4xx_usart.o(.text)
    USART_SendData                           0x08002d9d   Thumb Code     8  stm32f4xx_usart.o(.text)
    USART_ReceiveData                        0x08002da5   Thumb Code    10  stm32f4xx_usart.o(.text)
    USART_SetAddress                         0x08002daf   Thumb Code    18  stm32f4xx_usart.o(.text)
    USART_ReceiverWakeUpCmd                  0x08002dc1   Thumb Code    24  stm32f4xx_usart.o(.text)
    USART_WakeUpConfig                       0x08002dd9   Thumb Code    18  stm32f4xx_usart.o(.text)
    USART_LINBreakDetectLengthConfig         0x08002deb   Thumb Code    18  stm32f4xx_usart.o(.text)
    USART_LINCmd                             0x08002dfd   Thumb Code    24  stm32f4xx_usart.o(.text)
    USART_SendBreak                          0x08002e15   Thumb Code    10  stm32f4xx_usart.o(.text)
    USART_HalfDuplexCmd                      0x08002e1f   Thumb Code    24  stm32f4xx_usart.o(.text)
    USART_SetGuardTime                       0x08002e37   Thumb Code    16  stm32f4xx_usart.o(.text)
    USART_SmartCardCmd                       0x08002e47   Thumb Code    24  stm32f4xx_usart.o(.text)
    USART_SmartCardNACKCmd                   0x08002e5f   Thumb Code    24  stm32f4xx_usart.o(.text)
    USART_IrDAConfig                         0x08002e77   Thumb Code    18  stm32f4xx_usart.o(.text)
    USART_IrDACmd                            0x08002e89   Thumb Code    24  stm32f4xx_usart.o(.text)
    USART_DMACmd                             0x08002ea1   Thumb Code    18  stm32f4xx_usart.o(.text)
    USART_ITConfig                           0x08002eb3   Thumb Code    74  stm32f4xx_usart.o(.text)
    USART_GetFlagStatus                      0x08002efd   Thumb Code    26  stm32f4xx_usart.o(.text)
    USART_ClearFlag                          0x08002f17   Thumb Code    18  stm32f4xx_usart.o(.text)
    USART_GetITStatus                        0x08002f29   Thumb Code   118  stm32f4xx_usart.o(.text)
    USART_ClearITPendingBit                  0x08002f9f   Thumb Code    30  stm32f4xx_usart.o(.text)
    FLASH_SetLatency                         0x08002fbd   Thumb Code     6  stm32f4xx_flash.o(.text)
    FLASH_PrefetchBufferCmd                  0x08002fc3   Thumb Code    30  stm32f4xx_flash.o(.text)
    FLASH_InstructionCacheCmd                0x08002fe1   Thumb Code    30  stm32f4xx_flash.o(.text)
    FLASH_DataCacheCmd                       0x08002fff   Thumb Code    30  stm32f4xx_flash.o(.text)
    FLASH_InstructionCacheReset              0x0800301d   Thumb Code    14  stm32f4xx_flash.o(.text)
    FLASH_DataCacheReset                     0x0800302b   Thumb Code    14  stm32f4xx_flash.o(.text)
    FLASH_Unlock                             0x08003039   Thumb Code    26  stm32f4xx_flash.o(.text)
    FLASH_Lock                               0x08003053   Thumb Code    18  stm32f4xx_flash.o(.text)
    FLASH_GetStatus                          0x08003065   Thumb Code    90  stm32f4xx_flash.o(.text)
    FLASH_WaitForLastOperation               0x080030bf   Thumb Code    34  stm32f4xx_flash.o(.text)
    FLASH_EraseSector                        0x080030e1   Thumb Code   140  stm32f4xx_flash.o(.text)
    FLASH_EraseAllSectors                    0x0800316d   Thumb Code   112  stm32f4xx_flash.o(.text)
    FLASH_EraseAllBank1Sectors               0x080031dd   Thumb Code   112  stm32f4xx_flash.o(.text)
    FLASH_EraseAllBank2Sectors               0x0800324d   Thumb Code   112  stm32f4xx_flash.o(.text)
    FLASH_ProgramDoubleWord                  0x080032bd   Thumb Code    88  stm32f4xx_flash.o(.text)
    FLASH_ProgramWord                        0x08003315   Thumb Code    82  stm32f4xx_flash.o(.text)
    FLASH_ProgramHalfWord                    0x08003367   Thumb Code    94  stm32f4xx_flash.o(.text)
    FLASH_ProgramByte                        0x080033c5   Thumb Code    70  stm32f4xx_flash.o(.text)
    FLASH_OB_Unlock                          0x0800340b   Thumb Code    26  stm32f4xx_flash.o(.text)
    FLASH_OB_Lock                            0x08003425   Thumb Code    18  stm32f4xx_flash.o(.text)
    FLASH_OB_WRPConfig                       0x08003437   Thumb Code    54  stm32f4xx_flash.o(.text)
    FLASH_OB_WRP1Config                      0x0800346d   Thumb Code    54  stm32f4xx_flash.o(.text)
    FLASH_OB_PCROPSelectionConfig            0x080034a3   Thumb Code    24  stm32f4xx_flash.o(.text)
    FLASH_OB_PCROPConfig                     0x080034bb   Thumb Code    54  stm32f4xx_flash.o(.text)
    FLASH_OB_PCROP1Config                    0x080034f1   Thumb Code    54  stm32f4xx_flash.o(.text)
    FLASH_OB_RDPConfig                       0x08003527   Thumb Code    24  stm32f4xx_flash.o(.text)
    FLASH_OB_UserConfig                      0x0800353f   Thumb Code    46  stm32f4xx_flash.o(.text)
    FLASH_OB_BootConfig                      0x0800356d   Thumb Code    26  stm32f4xx_flash.o(.text)
    FLASH_OB_BORConfig                       0x08003587   Thumb Code    26  stm32f4xx_flash.o(.text)
    FLASH_OB_Launch                          0x080035a1   Thumb Code    30  stm32f4xx_flash.o(.text)
    FLASH_OB_GetUser                         0x080035bf   Thumb Code    12  stm32f4xx_flash.o(.text)
    FLASH_OB_GetWRP                          0x080035cb   Thumb Code     8  stm32f4xx_flash.o(.text)
    FLASH_OB_GetWRP1                         0x080035d3   Thumb Code     8  stm32f4xx_flash.o(.text)
    FLASH_OB_GetPCROP                        0x080035db   Thumb Code     8  stm32f4xx_flash.o(.text)
    FLASH_OB_GetPCROP1                       0x080035e3   Thumb Code     8  stm32f4xx_flash.o(.text)
    FLASH_OB_GetRDP                          0x080035eb   Thumb Code    20  stm32f4xx_flash.o(.text)
    FLASH_OB_GetBOR                          0x080035ff   Thumb Code    12  stm32f4xx_flash.o(.text)
    FLASH_ITConfig                           0x0800360b   Thumb Code    26  stm32f4xx_flash.o(.text)
    FLASH_GetFlagStatus                      0x08003625   Thumb Code    22  stm32f4xx_flash.o(.text)
    FLASH_ClearFlag                          0x0800363b   Thumb Code     8  stm32f4xx_flash.o(.text)
    SPI_I2S_DeInit                           0x08003651   Thumb Code   152  stm32f4xx_spi.o(.text)
    SPI_Init                                 0x080036e9   Thumb Code    60  stm32f4xx_spi.o(.text)
    I2S_Init                                 0x08003725   Thumb Code   346  stm32f4xx_spi.o(.text)
    SPI_StructInit                           0x0800387f   Thumb Code    24  stm32f4xx_spi.o(.text)
    I2S_StructInit                           0x08003897   Thumb Code    20  stm32f4xx_spi.o(.text)
    SPI_Cmd                                  0x080038ab   Thumb Code    24  stm32f4xx_spi.o(.text)
    I2S_Cmd                                  0x080038c3   Thumb Code    24  stm32f4xx_spi.o(.text)
    SPI_DataSizeConfig                       0x080038db   Thumb Code    18  stm32f4xx_spi.o(.text)
    SPI_BiDirectionalLineConfig              0x080038ed   Thumb Code    28  stm32f4xx_spi.o(.text)
    SPI_NSSInternalSoftwareConfig            0x08003909   Thumb Code    30  stm32f4xx_spi.o(.text)
    SPI_SSOutputCmd                          0x08003927   Thumb Code    24  stm32f4xx_spi.o(.text)
    SPI_TIModeCmd                            0x0800393f   Thumb Code    24  stm32f4xx_spi.o(.text)
    I2S_FullDuplexConfig                     0x08003957   Thumb Code    80  stm32f4xx_spi.o(.text)
    SPI_I2S_ReceiveData                      0x080039a7   Thumb Code     6  stm32f4xx_spi.o(.text)
    SPI_I2S_SendData                         0x080039ad   Thumb Code     4  stm32f4xx_spi.o(.text)
    SPI_CalculateCRC                         0x080039b1   Thumb Code    24  stm32f4xx_spi.o(.text)
    SPI_TransmitCRC                          0x080039c9   Thumb Code    10  stm32f4xx_spi.o(.text)
    SPI_GetCRC                               0x080039d3   Thumb Code    16  stm32f4xx_spi.o(.text)
    SPI_GetCRCPolynomial                     0x080039e3   Thumb Code     6  stm32f4xx_spi.o(.text)
    SPI_I2S_DMACmd                           0x080039e9   Thumb Code    18  stm32f4xx_spi.o(.text)
    SPI_I2S_ITConfig                         0x080039fb   Thumb Code    32  stm32f4xx_spi.o(.text)
    SPI_I2S_GetFlagStatus                    0x08003a1b   Thumb Code    18  stm32f4xx_spi.o(.text)
    SPI_I2S_ClearFlag                        0x08003a2d   Thumb Code    40  stm32f4xx_spi.o(.text)
    SPI_I2S_GetITStatus                      0x08003a55   Thumb Code    52  stm32f4xx_spi.o(.text)
    SPI_I2S_ClearITPendingBit                0x08003a89   Thumb Code    20  stm32f4xx_spi.o(.text)
    EXTI_DeInit                              0x08003a9d   Thumb Code    28  stm32f4xx_exti.o(.text)
    EXTI_Init                                0x08003ab9   Thumb Code   142  stm32f4xx_exti.o(.text)
    EXTI_StructInit                          0x08003b47   Thumb Code    16  stm32f4xx_exti.o(.text)
    EXTI_GenerateSWInterrupt                 0x08003b57   Thumb Code    16  stm32f4xx_exti.o(.text)
    EXTI_GetFlagStatus                       0x08003b67   Thumb Code    22  stm32f4xx_exti.o(.text)
    EXTI_ClearFlag                           0x08003b7d   Thumb Code     8  stm32f4xx_exti.o(.text)
    EXTI_GetITStatus                         0x08003b85   Thumb Code    22  stm32f4xx_exti.o(.text)
    EXTI_ClearITPendingBit                   0x08003b9b   Thumb Code     8  stm32f4xx_exti.o(.text)
    TIM_DeInit                               0x08003bad   Thumb Code   346  stm32f4xx_tim.o(.text)
    TIM_TimeBaseInit                         0x08003d07   Thumb Code   104  stm32f4xx_tim.o(.text)
    TIM_TimeBaseStructInit                   0x08003d6f   Thumb Code    18  stm32f4xx_tim.o(.text)
    TIM_PrescalerConfig                      0x08003d81   Thumb Code     6  stm32f4xx_tim.o(.text)
    TIM_CounterModeConfig                    0x08003d87   Thumb Code    18  stm32f4xx_tim.o(.text)
    TIM_SetCounter                           0x08003d99   Thumb Code     4  stm32f4xx_tim.o(.text)
    TIM_SetAutoreload                        0x08003d9d   Thumb Code     4  stm32f4xx_tim.o(.text)
    TIM_GetCounter                           0x08003da1   Thumb Code     6  stm32f4xx_tim.o(.text)
    TIM_GetPrescaler                         0x08003da7   Thumb Code     6  stm32f4xx_tim.o(.text)
    TIM_UpdateDisableConfig                  0x08003dad   Thumb Code    24  stm32f4xx_tim.o(.text)
    TIM_UpdateRequestConfig                  0x08003dc5   Thumb Code    24  stm32f4xx_tim.o(.text)
    TIM_ARRPreloadConfig                     0x08003ddd   Thumb Code    24  stm32f4xx_tim.o(.text)
    TIM_SelectOnePulseMode                   0x08003df5   Thumb Code    18  stm32f4xx_tim.o(.text)
    TIM_SetClockDivision                     0x08003e07   Thumb Code    18  stm32f4xx_tim.o(.text)
    TIM_Cmd                                  0x08003e19   Thumb Code    24  stm32f4xx_tim.o(.text)
    TIM_OC1Init                              0x08003e31   Thumb Code   114  stm32f4xx_tim.o(.text)
    TIM_OC2Init                              0x08003ea3   Thumb Code   154  stm32f4xx_tim.o(.text)
    TIM_OC3Init                              0x08003f3d   Thumb Code   204  stm32f4xx_tim.o(.text)
    TIM_OC4Init                              0x08004009   Thumb Code   112  stm32f4xx_tim.o(.text)
    TIM_OCStructInit                         0x08004079   Thumb Code    20  stm32f4xx_tim.o(.text)
    TIM_SelectOCxM                           0x0800408d   Thumb Code    86  stm32f4xx_tim.o(.text)
    TIM_SetCompare1                          0x080040e3   Thumb Code     4  stm32f4xx_tim.o(.text)
    TIM_SetCompare2                          0x080040e7   Thumb Code     4  stm32f4xx_tim.o(.text)
    TIM_SetCompare3                          0x080040eb   Thumb Code     4  stm32f4xx_tim.o(.text)
    TIM_SetCompare4                          0x080040ef   Thumb Code     4  stm32f4xx_tim.o(.text)
    TIM_ForcedOC1Config                      0x080040f3   Thumb Code    18  stm32f4xx_tim.o(.text)
    TIM_ForcedOC2Config                      0x08004105   Thumb Code    26  stm32f4xx_tim.o(.text)
    TIM_ForcedOC3Config                      0x0800411f   Thumb Code    18  stm32f4xx_tim.o(.text)
    TIM_ForcedOC4Config                      0x08004131   Thumb Code    26  stm32f4xx_tim.o(.text)
    TIM_OC1PreloadConfig                     0x0800414b   Thumb Code    18  stm32f4xx_tim.o(.text)
    TIM_OC2PreloadConfig                     0x0800415d   Thumb Code    26  stm32f4xx_tim.o(.text)
    TIM_OC3PreloadConfig                     0x08004177   Thumb Code    18  stm32f4xx_tim.o(.text)
    TIM_OC4PreloadConfig                     0x08004189   Thumb Code    26  stm32f4xx_tim.o(.text)
    TIM_OC1FastConfig                        0x080041a3   Thumb Code    18  stm32f4xx_tim.o(.text)
    TIM_OC2FastConfig                        0x080041b5   Thumb Code    26  stm32f4xx_tim.o(.text)
    TIM_OC3FastConfig                        0x080041cf   Thumb Code    18  stm32f4xx_tim.o(.text)
    TIM_OC4FastConfig                        0x080041e1   Thumb Code    26  stm32f4xx_tim.o(.text)
    TIM_ClearOC1Ref                          0x080041fb   Thumb Code    18  stm32f4xx_tim.o(.text)
    TIM_ClearOC2Ref                          0x0800420d   Thumb Code    24  stm32f4xx_tim.o(.text)
    TIM_ClearOC3Ref                          0x08004225   Thumb Code    18  stm32f4xx_tim.o(.text)
    TIM_ClearOC4Ref                          0x08004237   Thumb Code    24  stm32f4xx_tim.o(.text)
    TIM_OC1PolarityConfig                    0x0800424f   Thumb Code    18  stm32f4xx_tim.o(.text)
    TIM_OC1NPolarityConfig                   0x08004261   Thumb Code    18  stm32f4xx_tim.o(.text)
    TIM_OC2PolarityConfig                    0x08004273   Thumb Code    26  stm32f4xx_tim.o(.text)
    TIM_OC2NPolarityConfig                   0x0800428d   Thumb Code    26  stm32f4xx_tim.o(.text)
    TIM_OC3PolarityConfig                    0x080042a7   Thumb Code    26  stm32f4xx_tim.o(.text)
    TIM_OC3NPolarityConfig                   0x080042c1   Thumb Code    26  stm32f4xx_tim.o(.text)
    TIM_OC4PolarityConfig                    0x080042db   Thumb Code    26  stm32f4xx_tim.o(.text)
    TIM_CCxCmd                               0x080042f5   Thumb Code    30  stm32f4xx_tim.o(.text)
    TIM_CCxNCmd                              0x08004313   Thumb Code    30  stm32f4xx_tim.o(.text)
    TIM_SetIC4Prescaler                      0x08004331   Thumb Code    26  stm32f4xx_tim.o(.text)
    TIM_SetIC3Prescaler                      0x0800439b   Thumb Code    18  stm32f4xx_tim.o(.text)
    TIM_SetIC2Prescaler                      0x080043f5   Thumb Code    26  stm32f4xx_tim.o(.text)
    TIM_SetIC1Prescaler                      0x08004469   Thumb Code    18  stm32f4xx_tim.o(.text)
    TIM_ICInit                               0x080044b5   Thumb Code   110  stm32f4xx_tim.o(.text)
    TIM_ICStructInit                         0x08004523   Thumb Code    18  stm32f4xx_tim.o(.text)
    TIM_PWMIConfig                           0x08004535   Thumb Code   124  stm32f4xx_tim.o(.text)
    TIM_GetCapture1                          0x080045b1   Thumb Code     6  stm32f4xx_tim.o(.text)
    TIM_GetCapture2                          0x080045b7   Thumb Code     6  stm32f4xx_tim.o(.text)
    TIM_GetCapture3                          0x080045bd   Thumb Code     6  stm32f4xx_tim.o(.text)
    TIM_GetCapture4                          0x080045c3   Thumb Code     6  stm32f4xx_tim.o(.text)
    TIM_BDTRConfig                           0x080045c9   Thumb Code    32  stm32f4xx_tim.o(.text)
    TIM_BDTRStructInit                       0x080045e9   Thumb Code    18  stm32f4xx_tim.o(.text)
    TIM_CtrlPWMOutputs                       0x080045fb   Thumb Code    30  stm32f4xx_tim.o(.text)
    TIM_SelectCOM                            0x08004619   Thumb Code    24  stm32f4xx_tim.o(.text)
    TIM_CCPreloadControl                     0x08004631   Thumb Code    24  stm32f4xx_tim.o(.text)
    TIM_ITConfig                             0x08004649   Thumb Code    18  stm32f4xx_tim.o(.text)
    TIM_GenerateEvent                        0x0800465b   Thumb Code     4  stm32f4xx_tim.o(.text)
    TIM_GetFlagStatus                        0x0800465f   Thumb Code    18  stm32f4xx_tim.o(.text)
    TIM_ClearFlag                            0x08004671   Thumb Code     6  stm32f4xx_tim.o(.text)
    TIM_GetITStatus                          0x08004677   Thumb Code    34  stm32f4xx_tim.o(.text)
    TIM_ClearITPendingBit                    0x08004699   Thumb Code     6  stm32f4xx_tim.o(.text)
    TIM_DMAConfig                            0x0800469f   Thumb Code    10  stm32f4xx_tim.o(.text)
    TIM_DMACmd                               0x080046a9   Thumb Code    18  stm32f4xx_tim.o(.text)
    TIM_SelectCCDMA                          0x080046bb   Thumb Code    24  stm32f4xx_tim.o(.text)
    TIM_InternalClockConfig                  0x080046d3   Thumb Code    12  stm32f4xx_tim.o(.text)
    TIM_SelectInputTrigger                   0x080046df   Thumb Code    18  stm32f4xx_tim.o(.text)
    TIM_ITRxExternalClockConfig              0x080046f1   Thumb Code    24  stm32f4xx_tim.o(.text)
    TIM_TIxExternalClockConfig               0x08004709   Thumb Code    62  stm32f4xx_tim.o(.text)
    TIM_ETRConfig                            0x08004747   Thumb Code    28  stm32f4xx_tim.o(.text)
    TIM_ETRClockMode1Config                  0x08004763   Thumb Code    54  stm32f4xx_tim.o(.text)
    TIM_ETRClockMode2Config                  0x08004799   Thumb Code    32  stm32f4xx_tim.o(.text)
    TIM_SelectOutputTrigger                  0x080047b9   Thumb Code    18  stm32f4xx_tim.o(.text)
    TIM_SelectSlaveMode                      0x080047cb   Thumb Code    18  stm32f4xx_tim.o(.text)
    TIM_SelectMasterSlaveMode                0x080047dd   Thumb Code    18  stm32f4xx_tim.o(.text)
    TIM_EncoderInterfaceConfig               0x080047ef   Thumb Code    66  stm32f4xx_tim.o(.text)
    TIM_SelectHallSensor                     0x08004831   Thumb Code    24  stm32f4xx_tim.o(.text)
    TIM_RemapConfig                          0x08004849   Thumb Code     6  stm32f4xx_tim.o(.text)
    SYSCFG_DeInit                            0x08004851   Thumb Code    22  stm32f4xx_syscfg.o(.text)
    SYSCFG_MemoryRemapConfig                 0x08004867   Thumb Code     6  stm32f4xx_syscfg.o(.text)
    SYSCFG_MemorySwappingBank                0x0800486d   Thumb Code     6  stm32f4xx_syscfg.o(.text)
    SYSCFG_EXTILineConfig                    0x08004873   Thumb Code    66  stm32f4xx_syscfg.o(.text)
    SYSCFG_ETH_MediaInterfaceConfig          0x080048b5   Thumb Code     6  stm32f4xx_syscfg.o(.text)
    SYSCFG_CompensationCellCmd               0x080048bb   Thumb Code     6  stm32f4xx_syscfg.o(.text)
    SYSCFG_GetCompensationCellStatus         0x080048c1   Thumb Code    22  stm32f4xx_syscfg.o(.text)
    WlanAdapter_MacAddr                      0x080048eb   Thumb Code    34  wlanadapter.o(.text)
    WlanAdapter_SendPkt                      0x0800490d   Thumb Code    20  wlanadapter.o(.text)
    WlanAdapter_RcvePkt                      0x08004921   Thumb Code    20  wlanadapter.o(.text)
    CmdOnCmdUpLdRdy                          0x08005121   Thumb Code   134  wlancmd.o(.text)
    CmdSsidScan                              0x080051a7   Thumb Code   106  wlancmd.o(.text)
    CmdAssociateExt                          0x08005211   Thumb Code   770  wlancmd.o(.text)
    CmdSetWepKey                             0x08005513   Thumb Code    58  wlancmd.o(.text)
    CmdDeauthenticate                        0x0800554d   Thumb Code    92  wlancmd.o(.text)
    CmdMacAddress                            0x080055a9   Thumb Code   160  wlancmd.o(.text)
    CmdGSpiBusCfg                            0x08005649   Thumb Code   146  wlancmd.o(.text)
    CmdSubscribeEvent                        0x080056db   Thumb Code   240  wlancmd.o(.text)
    CmdMacControl                            0x080057cb   Thumb Code   322  wlancmd.o(.text)
    CmdListScan                              0x0800590d   Thumb Code     6  wlancmd.o(.text)
    CmdBssidScan                             0x08005913   Thumb Code     6  wlancmd.o(.text)
    CmdAdHocStart                            0x08005919   Thumb Code   514  wlancmd.o(.text)
    CmdAdHocStop                             0x08005b1b   Thumb Code    68  wlancmd.o(.text)
    CmdSetTxPowerLevel                       0x08005b5f   Thumb Code   234  wlancmd.o(.text)
    InitAdapterObject                        0x08005c4f   Thumb Code    16  wlaninit.o(.text)
    Wlan_Init                                0x08005c5f   Thumb Code    66  wlaninit.o(.text)
    WlanMisc_ASCII2WEPKey                    0x08005ce3   Thumb Code   182  wlanmisc.o(.text)
    WlanMisc_String2Ip                       0x08005d99   Thumb Code   156  wlanmisc.o(.text)
    WlanMisc_String2Mac                      0x08005e35   Thumb Code   220  wlanmisc.o(.text)
    WlanPkt_RcvePkt                          0x08005f33   Thumb Code   286  wlanpkt.o(.text)
    WlanPkt_SendPkt                          0x08006051   Thumb Code   170  wlanpkt.o(.text)
    WlanPkt_OnPktSend                        0x080060fb   Thumb Code     2  wlanpkt.o(.text)
    WlanPkt_OnPktRcve                        0x080060fd   Thumb Code    38  wlanpkt.o(.text)
    WiFiApi_CheckCurrentProfile              0x08006247   Thumb Code    78  wifiapiexport.o(.text)
    WiFiApi_CardSetEncryMode                 0x08006295   Thumb Code   134  wifiapiexport.o(.text)
    WiFiApi_AdapterSetKey                    0x0800631b   Thumb Code    92  wifiapiexport.o(.text)
    WiFiApi_DoConnect                        0x08006377   Thumb Code   192  wifiapiexport.o(.text)
    WiFiApi_ProcessAssoc                     0x08006437   Thumb Code    88  wifiapiexport.o(.text)
    _ParseLine                               0x08006547   Thumb Code    90  wificommand.o(.text)
    _DoSetCmd                                0x080065a1   Thumb Code   500  wificommand.o(.text)
    _DoGetCmd                                0x08006795   Thumb Code   858  wificommand.o(.text)
    _DoCtrlCmd                               0x08006aef   Thumb Code    52  wificommand.o(.text)
    WiFiCmd_RunCommand                       0x08006b23   Thumb Code   172  wificommand.o(.text)
    If_WriteRegister                         0x08006c5b   Thumb Code    16  wifi_if.o(.text)
    If_ReadRegister                          0x08006c6b   Thumb Code    18  wifi_if.o(.text)
    If_OnIoIntr                              0x08006c7d   Thumb Code   148  wifi_if.o(.text)
    If_Deinit                                0x08006d11   Thumb Code    32  wifi_if.o(.text)
    If_Init                                  0x08006d31   Thumb Code    30  wifi_if.o(.text)
    If_HostIntrEnable                        0x08006d4f   Thumb Code    34  wifi_if.o(.text)
    If_IsFirmwareLoaded                      0x08006d71   Thumb Code    34  wifi_if.o(.text)
    If_WriteRegister2                        0x08006d93   Thumb Code    20  wifi_if.o(.text)
    If_WaitforHostIntr                       0x08006da7   Thumb Code    64  wifi_if.o(.text)
    If_WlanImageProg                         0x08006de7   Thumb Code   216  wifi_if.o(.text)
    If_FirmwareImageProg                     0x08006ebf   Thumb Code   110  wifi_if.o(.text)
    If_HostIntrDisable                       0x08006f2d   Thumb Code    12  wifi_if.o(.text)
    If_FirmwareDownload                      0x08006f39   Thumb Code   138  wifi_if.o(.text)
    If_StartDevice                           0x08006fc3   Thumb Code    84  wifi_if.o(.text)
    If_ReadRegister2                         0x08007017   Thumb Code    20  wifi_if.o(.text)
    If_ExitDeepSleep                         0x0800702b   Thumb Code    22  wifi_if.o(.text)
    If_ResetDeepSleep                        0x08007041   Thumb Code    12  wifi_if.o(.text)
    NOP_Process                              0x0800704d   Thumb Code    12  wifi_if.o(.text)
    Hw_DmaInit                               0x08007267   Thumb Code    12  wifi_hw.o(.text)
    Hw_CloseInterrupts                       0x08007273   Thumb Code    24  wifi_hw.o(.text)
    Hw_IntrInit                              0x0800728b   Thumb Code   158  wifi_hw.o(.text)
    Hw_Init                                  0x08007329   Thumb Code   116  wifi_hw.o(.text)
    Hw_Deinit                                0x0800739d   Thumb Code    12  wifi_hw.o(.text)
    Hw_ReadRegister                          0x080073a9   Thumb Code   144  wifi_hw.o(.text)
    Hw_WriteRegister                         0x08007439   Thumb Code   132  wifi_hw.o(.text)
    Hw_Reset                                 0x080074bd   Thumb Code    46  wifi_hw.o(.text)
    Hw_PowerOn                               0x080074eb   Thumb Code   148  wifi_hw.o(.text)
    Hw_PowerOff                              0x0800757f   Thumb Code    10  wifi_hw.o(.text)
    Hw_OpenInterrupts                        0x08007589   Thumb Code    24  wifi_hw.o(.text)
    timer_set                                0x080076c9   Thumb Code    16  timer.o(.text)
    timer_reset                              0x080076d9   Thumb Code    10  timer.o(.text)
    timer_restart                            0x080076e3   Thumb Code    12  timer.o(.text)
    timer_expired                            0x080076ef   Thumb Code    26  timer.o(.text)
    uip_setipid                              0x08007709   Thumb Code     6  uip.o(.text)
    uip_add32                                0x0800770f   Thumb Code   106  uip.o(.text)
    htons                                    0x080077bf   Thumb Code    12  uip.o(.text)
    uip_chksum                               0x080077cb   Thumb Code    24  uip.o(.text)
    uip_ipchksum                             0x080077e3   Thumb Code    30  uip.o(.text)
    uip_tcpchksum                            0x08007845   Thumb Code    10  uip.o(.text)
    uip_udpchksum                            0x0800784f   Thumb Code    10  uip.o(.text)
    uip_init                                 0x08007859   Thumb Code   136  uip.o(.text)
    uip_connect                              0x080078e1   Thumb Code   254  uip.o(.text)
    uip_udp_new                              0x080079df   Thumb Code   204  uip.o(.text)
    uip_unlisten                             0x08007aab   Thumb Code    94  uip.o(.text)
    uip_listen                               0x08007b09   Thumb Code    54  uip.o(.text)
    uip_process                              0x08007b79   Thumb Code  4630  uip.o(.text)
    uip_send                                 0x08008d8f   Thumb Code    38  uip.o(.text)
    uip_arp_init                             0x08008dd1   Thumb Code    46  uip_arp.o(.text)
    uip_arp_timer                            0x08008dff   Thumb Code    76  uip_arp.o(.text)
    uip_arp_arpin                            0x08008f5b   Thumb Code   216  uip_arp.o(.text)
    uip_arp_out                              0x08009033   Thumb Code   366  uip_arp.o(.text)
    clock_time                               0x080091dd   Thumb Code     6  clock-arch.o(.text)
    tapdev_init                              0x080091eb   Thumb Code    28  tapdev.o(.text)
    tapdev_read                              0x08009207   Thumb Code    20  tapdev.o(.text)
    tapdev_send                              0x0800921b   Thumb Code    18  tapdev.o(.text)
    uIP_Net_Init                             0x0800923d   Thumb Code   136  uip_app.o(.text)
    uip_polling                              0x080092c5   Thumb Code   172  uip_app.o(.text)
    uip_pro                                  0x08009371   Thumb Code    92  uip_app.o(.text)
    uip_udp_init                             0x08009403   Thumb Code    44  udp_client.o(.text)
    udp_appcall                              0x0800942f   Thumb Code   138  udp_client.o(.text)
    uip_log                                  0x080094b9   Thumb Code     2  udp_client.o(.text)
    tcp_appcall                              0x080094bb   Thumb Code     2  udp_client.o(.text)
    Dhcp_Init                                0x080097d1   Thumb Code    46  dhcps.o(.text)
    Dhcp_PktHandler                          0x080097ff   Thumb Code    82  dhcps.o(.text)
    malloc                                   0x0800989d   Thumb Code    94  h1_alloc.o(.text)
    free                                     0x080098fb   Thumb Code    78  h1_free.o(.text)
    __c89vsnprintf                           0x08009949   Thumb Code    48  c89vsnprintf.o(.text)
    __2sprintf                               0x0800997d   Thumb Code    38  __2sprintf.o(.text)
    _printf_pre_padding                      0x080099a9   Thumb Code    46  _printf_pad.o(.text)
    _printf_post_padding                     0x080099d7   Thumb Code    36  _printf_pad.o(.text)
    _printf_int_dec                          0x080099fd   Thumb Code   102  _printf_dec.o(.text)
    _printf_longlong_hex                     0x08009a75   Thumb Code    92  _printf_hex_int_ll_ptr.o(.text)
    _printf_int_hex                          0x08009ad1   Thumb Code    28  _printf_hex_int_ll_ptr.o(.text)
    _printf_ll_hex                           0x08009aed   Thumb Code    12  _printf_hex_int_ll_ptr.o(.text)
    _printf_hex_ptr                          0x08009af9   Thumb Code    18  _printf_hex_int_ll_ptr.o(.text)
    __printf                                 0x08009b11   Thumb Code   390  __printf_flags_ss_wp.o(.text)
    atoi                                     0x08009c9d   Thumb Code    26  atoi.o(.text)
    memcmp                                   0x08009cb7   Thumb Code    88  memcmp.o(.text)
    strcpy                                   0x08009d0f   Thumb Code    72  strcpy.o(.text)
    strlen                                   0x08009d57   Thumb Code    62  strlen.o(.text)
    __aeabi_memcpy                           0x08009d95   Thumb Code     0  rt_memcpy_v6.o(.text)
    __rt_memcpy                              0x08009d95   Thumb Code   138  rt_memcpy_v6.o(.text)
    _memcpy_lastbytes                        0x08009dfb   Thumb Code     0  rt_memcpy_v6.o(.text)
    __aeabi_memcpy4                          0x08009e1f   Thumb Code     0  rt_memcpy_w.o(.text)
    __aeabi_memcpy8                          0x08009e1f   Thumb Code     0  rt_memcpy_w.o(.text)
    __rt_memcpy_w                            0x08009e1f   Thumb Code   100  rt_memcpy_w.o(.text)
    _memcpy_lastbytes_aligned                0x08009e67   Thumb Code     0  rt_memcpy_w.o(.text)
    __aeabi_memset                           0x08009e83   Thumb Code    16  aeabi_memset.o(.text)
    __aeabi_memclr                           0x08009e93   Thumb Code     0  rt_memclr.o(.text)
    __rt_memclr                              0x08009e93   Thumb Code    68  rt_memclr.o(.text)
    _memset                                  0x08009e97   Thumb Code     0  rt_memclr.o(.text)
    __aeabi_memclr4                          0x08009ed7   Thumb Code     0  rt_memclr_w.o(.text)
    __aeabi_memclr8                          0x08009ed7   Thumb Code     0  rt_memclr_w.o(.text)
    __rt_memclr_w                            0x08009ed7   Thumb Code    78  rt_memclr_w.o(.text)
    _memset_w                                0x08009edb   Thumb Code     0  rt_memclr_w.o(.text)
    strcmp                                   0x08009f25   Thumb Code   128  strcmpv7m.o(.text)
    __use_two_region_memory                  0x08009fa5   Thumb Code     2  heapauxi.o(.text)
    __rt_heap_escrow                         0x08009fa7   Thumb Code     2  heapauxi.o(.text)
    __rt_heap_expand                         0x08009fa9   Thumb Code     2  heapauxi.o(.text)
    __rt_heap_descriptor                     0x08009fad   Thumb Code     8  rt_heap_descriptor_intlibspace.o(.text)
    __aeabi_errno_addr                       0x08009fb5   Thumb Code     8  rt_errno_addr_intlibspace.o(.text)
    __errno$intlibspace                      0x08009fb5   Thumb Code     0  rt_errno_addr_intlibspace.o(.text)
    __rt_errno_addr$intlibspace              0x08009fb5   Thumb Code     0  rt_errno_addr_intlibspace.o(.text)
    __use_no_heap                            0x08009fbd   Thumb Code     2  hguard.o(.text)
    __heap$guard                             0x08009fbf   Thumb Code     2  hguard.o(.text)
    _terminate_user_alloc                    0x08009fc1   Thumb Code     2  init_alloc.o(.text)
    _init_user_alloc                         0x08009fc3   Thumb Code     2  init_alloc.o(.text)
    __Heap_Full                              0x08009fc5   Thumb Code    34  init_alloc.o(.text)
    __Heap_Broken                            0x08009fe7   Thumb Code     6  init_alloc.o(.text)
    _init_alloc                              0x08009fed   Thumb Code    94  init_alloc.o(.text)
    __Heap_Initialize                        0x0800a04b   Thumb Code    10  h1_init.o(.text)
    __Heap_DescSize                          0x0800a055   Thumb Code     4  h1_init.o(.text)
    _printf_truncate_signed                  0x0800a059   Thumb Code    18  _printf_truncate.o(.text)
    _printf_truncate_unsigned                0x0800a06b   Thumb Code    18  _printf_truncate.o(.text)
    _printf_str                              0x0800a07d   Thumb Code    82  _printf_str.o(.text)
    _printf_int_common                       0x0800a0cf   Thumb Code   184  _printf_intcommon.o(.text)
    _printf_charcount                        0x0800a187   Thumb Code    42  _printf_charcount.o(.text)
    _printf_char_common                      0x0800a1bb   Thumb Code    32  _printf_char_common.o(.text)
    _sputc                                   0x0800a1e1   Thumb Code    10  _sputc.o(.text)
    _snputc                                  0x0800a1eb   Thumb Code    16  _snputc.o(.text)
    _printf_wctomb                           0x0800a1fd   Thumb Code   182  _printf_wctomb.o(.text)
    _printf_longlong_dec                     0x0800a2b9   Thumb Code   104  _printf_longlong_dec.o(.text)
    _printf_longlong_oct                     0x0800a331   Thumb Code    76  _printf_oct_int_ll.o(.text)
    _printf_int_oct                          0x0800a37d   Thumb Code    24  _printf_oct_int_ll.o(.text)
    _printf_ll_oct                           0x0800a395   Thumb Code    12  _printf_oct_int_ll.o(.text)
    strtol                                   0x0800a3a9   Thumb Code   112  strtol.o(.text)
    __user_libspace                          0x0800a419   Thumb Code     8  libspace.o(.text)
    __user_perproc_libspace                  0x0800a419   Thumb Code     0  libspace.o(.text)
    __user_perthread_libspace                0x0800a419   Thumb Code     0  libspace.o(.text)
    __rt_ctype_table                         0x0800a421   Thumb Code    16  rt_ctype_table.o(.text)
    __Heap_ProvideMemory                     0x0800a431   Thumb Code    52  h1_extend.o(.text)
    _ll_udiv10                               0x0800a465   Thumb Code   138  lludiv10.o(.text)
    __lib_sel_fp_printf                      0x0800a4ef   Thumb Code     2  _printf_fp_dec.o(.text)
    _printf_fp_dec_real                      0x0800a69b   Thumb Code   628  _printf_fp_dec.o(.text)
    _printf_cs_common                        0x0800a90f   Thumb Code    20  _printf_char.o(.text)
    _printf_char                             0x0800a923   Thumb Code    16  _printf_char.o(.text)
    _printf_string                           0x0800a933   Thumb Code     8  _printf_char.o(.text)
    _printf_lcs_common                       0x0800a93b   Thumb Code    20  _printf_wchar.o(.text)
    _printf_wchar                            0x0800a94f   Thumb Code    16  _printf_wchar.o(.text)
    _printf_wstring                          0x0800a95f   Thumb Code     8  _printf_wchar.o(.text)
    _strtoul                                 0x0800a967   Thumb Code   158  _strtoul.o(.text)
    _wcrtomb                                 0x0800aa05   Thumb Code    64  _wcrtomb.o(.text)
    __rt_SIGRTMEM                            0x0800aa45   Thumb Code    14  defsig_rtmem_outer.o(.text)
    __I$use$semihosting                      0x0800aa53   Thumb Code     0  use_no_semi.o(.text)
    __use_no_semihosting_swi                 0x0800aa53   Thumb Code     2  use_no_semi.o(.text)
    __semihosting_library_function           0x0800aa55   Thumb Code     0  indicate_semi.o(.text)
    __user_setup_stackheap                   0x0800aa55   Thumb Code    74  sys_stackheap_outer.o(.text)
    __rt_locale                              0x0800aaa1   Thumb Code     8  rt_locale_intlibspace.o(.text)
    _printf_fp_infnan                        0x0800aaa9   Thumb Code   112  _printf_fp_infnan.o(.text)
    _chval                                   0x0800ab29   Thumb Code    28  _chval.o(.text)
    _btod_etento                             0x0800ab45   Thumb Code   222  bigflt0.o(.text)
    exit                                     0x0800ac29   Thumb Code    12  exit.o(.text)
    __sig_exit                               0x0800ac35   Thumb Code    10  defsig_exit.o(.text)
    __rt_SIGRTMEM_inner                      0x0800ac41   Thumb Code    22  defsig_rtmem_inner.o(.text)
    _sys_exit                                0x0800ac91   Thumb Code     8  sys_exit.o(.text)
    __default_signal_display                 0x0800ac9d   Thumb Code    50  defsig_general.o(.text)
    _ttywrch                                 0x0800accf   Thumb Code    14  sys_wrch.o(.text)
    _btod_d2e                                0x0800acdd   Thumb Code    62  btod.o(CL$$btod_d2e)
    _d2e_denorm_low                          0x0800ad1b   Thumb Code    70  btod.o(CL$$btod_d2e_denorm_low)
    _d2e_norm_op1                            0x0800ad61   Thumb Code    96  btod.o(CL$$btod_d2e_norm_op1)
    __btod_div_common                        0x0800adc1   Thumb Code   696  btod.o(CL$$btod_div_common)
    _e2e                                     0x0800b0f9   Thumb Code   198  btod.o(CL$$btod_e2e)
    _btod_ediv                               0x0800b1bf   Thumb Code    40  btod.o(CL$$btod_ediv)
    _btod_emul                               0x0800b1e7   Thumb Code    40  btod.o(CL$$btod_emul)
    __btod_mult_common                       0x0800b20f   Thumb Code   580  btod.o(CL$$btod_mult_common)
    __ARM_fpclassify                         0x0800b453   Thumb Code    48  fpclassify.o(i.__ARM_fpclassify)
    _is_digit                                0x0800b483   Thumb Code    14  __printf_wp.o(i._is_digit)
    _get_lc_ctype                            0x0800b491   Thumb Code    44  lc_ctype_c.o(locale$$code)
    _get_lc_numeric                          0x0800b4bd   Thumb Code    44  lc_numeric_c.o(locale$$code)
    _fp_init                                 0x0800b4e9   Thumb Code    10  fpinit.o(x$fpl$fpinit)
    __fplib_config_fpu_vfp                   0x0800b4f1   Thumb Code     0  fpinit.o(x$fpl$fpinit)
    __fplib_config_pureend_doubles           0x0800b4f1   Thumb Code     0  fpinit.o(x$fpl$fpinit)
    _printf_fp_dec                           0x0800b4f3   Thumb Code     4  printf1.o(x$fpl$printf1)
    OV2640_QQVGA                             0x0800b4f6   Data         656  dcmi_ov2640.o(.constdata)
    __I$use$fp                               0x0800b4f6   Number         0  usenofp.o(x$fpl$usenofp)
    OV2640_QVGA                              0x0800b786   Data         440  dcmi_ov2640.o(.constdata)
    OV2640_JPEG_INIT                         0x0800b93e   Data         380  dcmi_ov2640.o(.constdata)
    OV2640_YUV422                            0x0800baba   Data          18  dcmi_ov2640.o(.constdata)
    OV2640_RGB565                            0x0800bacc   Data          18  dcmi_ov2640.o(.constdata)
    OV2640_JPEG                              0x0800bade   Data          16  dcmi_ov2640.o(.constdata)
    OV2640_160x120_JPEG                      0x0800baee   Data          78  dcmi_ov2640.o(.constdata)
    OV2640_176x144_JPEG                      0x0800bb3c   Data          78  dcmi_ov2640.o(.constdata)
    OV2640_320x240_JPEG                      0x0800bb8a   Data          78  dcmi_ov2640.o(.constdata)
    OV2640_320x480_JPEG                      0x0800bbd8   Data          78  dcmi_ov2640.o(.constdata)
    Region$$Table$$Base                      0x0800bdc4   Number         0  anon$$obj.o(Region$$Table)
    Region$$Table$$Limit                     0x0800bde4   Number         0  anon$$obj.o(Region$$Table)
    __ctype                                  0x0800bdf1   Data           0  lc_ctype_c.o(locale$$data)
    DCMI_FLAG                                0x20000004   Data           1  stm32f4xx_it.o(.data)
    DMA2_Stream1_TC_FLAG                     0x20000005   Data           1  stm32f4xx_it.o(.data)
    Dma_FreeBuf_No                           0x20000006   Data           1  dcmi_ov2640.o(.data)
    Dma_FreeBuf_Ok                           0x20000007   Data           1  dcmi_ov2640.o(.data)
    uip_timer                                0x20000008   Data           4  timerx.o(.data)
    SystemCoreClock                          0x2000000c   Data           4  system_stm32f4xx.o(.data)
    AHBPrescTable                            0x20000010   Data          16  system_stm32f4xx.o(.data)
    g_pWlanAdapter                           0x20000030   Data           4  wlanadapter.o(.data)
    ucSpiDummyClk                            0x20000034   Data           1  wifi_if.o(.data)
    pWlanInterruptCallback                   0x20000038   Data           4  wifi_if.o(.data)
    uip_ethaddr                              0x2000003c   Data           6  uip.o(.data)
    uip_hostaddr                             0x20000042   Data           4  uip.o(.data)
    uip_draddr                               0x20000046   Data           4  uip.o(.data)
    uip_netmask                              0x2000004a   Data           4  uip.o(.data)
    uip_appdata                              0x20000050   Data           4  uip.o(.data)
    uip_sappdata                             0x20000054   Data           4  uip.o(.data)
    uip_len                                  0x20000058   Data           2  uip.o(.data)
    uip_slen                                 0x2000005a   Data           2  uip.o(.data)
    uip_flags                                0x2000005c   Data           1  uip.o(.data)
    uip_conn                                 0x20000060   Data           4  uip.o(.data)
    uip_udp_conn                             0x20000064   Data           4  uip.o(.data)
    uip_acc32                                0x20000070   Data           4  uip.o(.data)
    udp_client_sta                           0x20000094   Data           1  udp_client.o(.data)
    udp_client_len                           0x20000098   Data           4  udp_client.o(.data)
    Image_Buffer1                            0x200000ac   Data        1200  dcmi_ov2640.o(.bss)
    Image_Buffer2                            0x2000055c   Data        1200  dcmi_ov2640.o(.bss)
    usart_struct                             0x20000a0c   Data         258  usart.o(.bss)
    g_WlanAdapter                            0x20000b10   Data        2296  wlanadapter.o(.bss)
    uip_buf                                  0x20001808   Data        1502  uip.o(.bss)
    uip_conns                                0x20001de6   Data        1120  uip.o(.bss)
    uip_listenports                          0x20002246   Data          80  uip.o(.bss)
    uip_udp_conns                            0x20002298   Data         120  uip.o(.bss)
    uip_stat                                 0x20002310   Data          52  uip.o(.bss)
    __libspace_start                         0x200023a4   Data          96  libspace.o(.bss)
    __temporary_stack_top$libspace           0x20002404   Data           0  libspace.o(.bss)



==============================================================================

Memory Map of the image

  Image Entry point : 0x08000189

  Load Region LR_IROM1 (Base: 0x08000000, Size: 0x0000bfbc, Max: 0x00100000, ABSOLUTE)

    Execution Region ER_IROM1 (Base: 0x08000000, Size: 0x0000bf10, Max: 0x00100000, ABSOLUTE)

    Base Addr    Size         Type   Attr      Idx    E Section Name        Object

    0x08000000   0x00000188   Data   RO          472    RESET               startup_stm32f40_41xxx.o
    0x08000188   0x00000008   Code   RO         1550  * !!!main             c_w.l(__main.o)
    0x08000190   0x00000034   Code   RO         1932    !!!scatter          c_w.l(__scatter.o)
    0x080001c4   0x0000001a   Code   RO         1934    !!handler_copy      c_w.l(__scatter_copy.o)
    0x080001de   0x00000002   PAD
    0x080001e0   0x0000001c   Code   RO         1936    !!handler_zi        c_w.l(__scatter_zi.o)
    0x080001fc   0x00000000   Code   RO         1527    .ARM.Collect$$_printf_percent$$00000000  c_w.l(_printf_percent.o)
    0x080001fc   0x00000006   Code   RO         1614    .ARM.Collect$$_printf_percent$$00000001  c_w.l(_printf_n.o)
    0x08000202   0x00000006   Code   RO         1615    .ARM.Collect$$_printf_percent$$00000002  c_w.l(_printf_p.o)
    0x08000208   0x00000006   Code   RO         1619    .ARM.Collect$$_printf_percent$$00000003  c_w.l(_printf_f.o)
    0x0800020e   0x00000006   Code   RO         1620    .ARM.Collect$$_printf_percent$$00000004  c_w.l(_printf_e.o)
    0x08000214   0x00000006   Code   RO         1621    .ARM.Collect$$_printf_percent$$00000005  c_w.l(_printf_g.o)
    0x0800021a   0x00000006   Code   RO         1622    .ARM.Collect$$_printf_percent$$00000006  c_w.l(_printf_a.o)
    0x08000220   0x0000000a   Code   RO         1627    .ARM.Collect$$_printf_percent$$00000007  c_w.l(_printf_ll.o)
    0x0800022a   0x00000006   Code   RO         1617    .ARM.Collect$$_printf_percent$$00000008  c_w.l(_printf_i.o)
    0x08000230   0x00000006   Code   RO         1526    .ARM.Collect$$_printf_percent$$00000009  c_w.l(_printf_d.o)
    0x08000236   0x00000006   Code   RO         1618    .ARM.Collect$$_printf_percent$$0000000A  c_w.l(_printf_u.o)
    0x0800023c   0x00000006   Code   RO         1616    .ARM.Collect$$_printf_percent$$0000000B  c_w.l(_printf_o.o)
    0x08000242   0x00000006   Code   RO         1525    .ARM.Collect$$_printf_percent$$0000000C  c_w.l(_printf_x.o)
    0x08000248   0x00000006   Code   RO         1624    .ARM.Collect$$_printf_percent$$0000000D  c_w.l(_printf_lli.o)
    0x0800024e   0x00000006   Code   RO         1625    .ARM.Collect$$_printf_percent$$0000000E  c_w.l(_printf_lld.o)
    0x08000254   0x00000006   Code   RO         1626    .ARM.Collect$$_printf_percent$$0000000F  c_w.l(_printf_llu.o)
    0x0800025a   0x00000006   Code   RO         1631    .ARM.Collect$$_printf_percent$$00000010  c_w.l(_printf_llo.o)
    0x08000260   0x00000006   Code   RO         1632    .ARM.Collect$$_printf_percent$$00000011  c_w.l(_printf_llx.o)
    0x08000266   0x0000000a   Code   RO         1628    .ARM.Collect$$_printf_percent$$00000012  c_w.l(_printf_l.o)
    0x08000270   0x00000006   Code   RO         1612    .ARM.Collect$$_printf_percent$$00000013  c_w.l(_printf_c.o)
    0x08000276   0x00000006   Code   RO         1613    .ARM.Collect$$_printf_percent$$00000014  c_w.l(_printf_s.o)
    0x0800027c   0x00000006   Code   RO         1629    .ARM.Collect$$_printf_percent$$00000015  c_w.l(_printf_lc.o)
    0x08000282   0x00000006   Code   RO         1630    .ARM.Collect$$_printf_percent$$00000016  c_w.l(_printf_ls.o)
    0x08000288   0x00000004   Code   RO         1623    .ARM.Collect$$_printf_percent$$00000017  c_w.l(_printf_percent_end.o)
    0x0800028c   0x00000002   Code   RO         1843    .ARM.Collect$$libinit$$00000000  c_w.l(libinit.o)
    0x0800028e   0x00000004   Code   RO         1643    .ARM.Collect$$libinit$$00000001  c_w.l(libinit2.o)
    0x08000292   0x00000008   Code   RO         1645    .ARM.Collect$$libinit$$00000003  c_w.l(libinit2.o)
    0x0800029a   0x00000000   Code   RO         1647    .ARM.Collect$$libinit$$00000008  c_w.l(libinit2.o)
    0x0800029a   0x00000000   Code   RO         1649    .ARM.Collect$$libinit$$0000000A  c_w.l(libinit2.o)
    0x0800029a   0x00000000   Code   RO         1651    .ARM.Collect$$libinit$$0000000C  c_w.l(libinit2.o)
    0x0800029a   0x00000006   Code   RO         1652    .ARM.Collect$$libinit$$0000000D  c_w.l(libinit2.o)
    0x080002a0   0x00000000   Code   RO         1654    .ARM.Collect$$libinit$$0000000F  c_w.l(libinit2.o)
    0x080002a0   0x0000000c   Code   RO         1655    .ARM.Collect$$libinit$$00000010  c_w.l(libinit2.o)
    0x080002ac   0x00000000   Code   RO         1656    .ARM.Collect$$libinit$$00000011  c_w.l(libinit2.o)
    0x080002ac   0x00000000   Code   RO         1658    .ARM.Collect$$libinit$$00000013  c_w.l(libinit2.o)
    0x080002ac   0x0000000a   Code   RO         1659    .ARM.Collect$$libinit$$00000014  c_w.l(libinit2.o)
    0x080002b6   0x00000000   Code   RO         1660    .ARM.Collect$$libinit$$00000015  c_w.l(libinit2.o)
    0x080002b6   0x00000000   Code   RO         1662    .ARM.Collect$$libinit$$00000017  c_w.l(libinit2.o)
    0x080002b6   0x00000000   Code   RO         1664    .ARM.Collect$$libinit$$00000019  c_w.l(libinit2.o)
    0x080002b6   0x00000000   Code   RO         1666    .ARM.Collect$$libinit$$0000001B  c_w.l(libinit2.o)
    0x080002b6   0x00000000   Code   RO         1668    .ARM.Collect$$libinit$$0000001D  c_w.l(libinit2.o)
    0x080002b6   0x00000000   Code   RO         1670    .ARM.Collect$$libinit$$0000001F  c_w.l(libinit2.o)
    0x080002b6   0x00000000   Code   RO         1672    .ARM.Collect$$libinit$$00000021  c_w.l(libinit2.o)
    0x080002b6   0x00000000   Code   RO         1674    .ARM.Collect$$libinit$$00000023  c_w.l(libinit2.o)
    0x080002b6   0x00000000   Code   RO         1678    .ARM.Collect$$libinit$$0000002A  c_w.l(libinit2.o)
    0x080002b6   0x00000000   Code   RO         1680    .ARM.Collect$$libinit$$0000002C  c_w.l(libinit2.o)
    0x080002b6   0x00000000   Code   RO         1682    .ARM.Collect$$libinit$$0000002E  c_w.l(libinit2.o)
    0x080002b6   0x00000000   Code   RO         1684    .ARM.Collect$$libinit$$00000030  c_w.l(libinit2.o)
    0x080002b6   0x00000002   Code   RO         1685    .ARM.Collect$$libinit$$00000031  c_w.l(libinit2.o)
    0x080002b8   0x00000002   Code   RO         1929    .ARM.Collect$$libshutdown$$00000000  c_w.l(libshutdown.o)
    0x080002ba   0x00000000   Code   RO         1846    .ARM.Collect$$libshutdown$$00000003  c_w.l(libshutdown2.o)
    0x080002ba   0x00000000   Code   RO         1849    .ARM.Collect$$libshutdown$$00000006  c_w.l(libshutdown2.o)
    0x080002ba   0x00000000   Code   RO         1852    .ARM.Collect$$libshutdown$$00000009  c_w.l(libshutdown2.o)
    0x080002ba   0x00000000   Code   RO         1854    .ARM.Collect$$libshutdown$$0000000B  c_w.l(libshutdown2.o)
    0x080002ba   0x00000000   Code   RO         1857    .ARM.Collect$$libshutdown$$0000000E  c_w.l(libshutdown2.o)
    0x080002ba   0x00000002   Code   RO         1858    .ARM.Collect$$libshutdown$$0000000F  c_w.l(libshutdown2.o)
    0x080002bc   0x00000000   Code   RO         1554    .ARM.Collect$$rtentry$$00000000  c_w.l(rtentry.o)
    0x080002bc   0x00000000   Code   RO         1694    .ARM.Collect$$rtentry$$00000002  c_w.l(rtentry2.o)
    0x080002bc   0x00000006   Code   RO         1706    .ARM.Collect$$rtentry$$00000004  c_w.l(rtentry4.o)
    0x080002c2   0x00000000   Code   RO         1696    .ARM.Collect$$rtentry$$00000009  c_w.l(rtentry2.o)
    0x080002c2   0x00000004   Code   RO         1697    .ARM.Collect$$rtentry$$0000000A  c_w.l(rtentry2.o)
    0x080002c6   0x00000000   Code   RO         1699    .ARM.Collect$$rtentry$$0000000C  c_w.l(rtentry2.o)
    0x080002c6   0x00000008   Code   RO         1700    .ARM.Collect$$rtentry$$0000000D  c_w.l(rtentry2.o)
    0x080002ce   0x00000002   Code   RO         1868    .ARM.Collect$$rtexit$$00000000  c_w.l(rtexit.o)
    0x080002d0   0x00000000   Code   RO         1895    .ARM.Collect$$rtexit$$00000002  c_w.l(rtexit2.o)
    0x080002d0   0x00000004   Code   RO         1896    .ARM.Collect$$rtexit$$00000003  c_w.l(rtexit2.o)
    0x080002d4   0x00000006   Code   RO         1897    .ARM.Collect$$rtexit$$00000004  c_w.l(rtexit2.o)
    0x080002da   0x00000002   PAD
    0x080002dc   0x00000000   Code   RO         1712    .emb_text           c_w.l(maybetermalloc1.o)
    0x080002dc   0x00000230   Code   RO            3    .text               main.o
    0x0800050c   0x000000c0   Code   RO          230    .text               delay.o
    0x080005cc   0x00000084   Code   RO          306    .text               stm32f4xx_it.o
    0x08000650   0x000007fc   Code   RO          336    .text               dcmi_ov2640.o
    0x08000e4c   0x00000348   Code   RO          364    .text               usart.o
    0x08001194   0x00000274   Code   RO          397    .text               flash.o
    0x08001408   0x0000015c   Code   RO          426    .text               gspi.o
    0x08001564   0x00000084   Code   RO          446    .text               timerx.o
    0x080015e8   0x00000040   Code   RO          473    .text               startup_stm32f40_41xxx.o
    0x08001628   0x0000020c   Code   RO          479    .text               system_stm32f4xx.o
    0x08001834   0x000000e4   Code   RO          505    .text               misc.o
    0x08001918   0x0000018c   Code   RO          525    .text               stm32f4xx_dcmi.o
    0x08001aa4   0x000003a4   Code   RO          545    .text               stm32f4xx_dma.o
    0x08001e48   0x00000294   Code   RO          585    .text               stm32f4xx_gpio.o
    0x080020dc   0x00000456   Code   RO          605    .text               stm32f4xx_i2c.o
    0x08002532   0x00000002   PAD
    0x08002534   0x00000634   Code   RO          625    .text               stm32f4xx_rcc.o
    0x08002b68   0x00000454   Code   RO          647    .text               stm32f4xx_usart.o
    0x08002fbc   0x00000694   Code   RO          667    .text               stm32f4xx_flash.o
    0x08003650   0x0000044c   Code   RO          687    .text               stm32f4xx_spi.o
    0x08003a9c   0x00000110   Code   RO          707    .text               stm32f4xx_exti.o
    0x08003bac   0x00000ca2   Code   RO          727    .text               stm32f4xx_tim.o
    0x0800484e   0x00000002   PAD
    0x08004850   0x00000098   Code   RO          747    .text               stm32f4xx_syscfg.o
    0x080048e8   0x0000004c   Code   RO          767    .text               wlanadapter.o
    0x08004934   0x00001318   Code   RO          802    .text               wlancmd.o
    0x08005c4c   0x00000094   Code   RO          849    .text               wlaninit.o
    0x08005ce0   0x00000250   Code   RO          872    .text               wlanmisc.o
    0x08005f30   0x00000314   Code   RO          895    .text               wlanpkt.o
    0x08006244   0x00000300   Code   RO          918    .text               wifiapiexport.o
    0x08006544   0x00000714   Code   RO          964    .text               wificommand.o
    0x08006c58   0x000005e8   Code   RO          987    .text               wifi_if.o
    0x08007240   0x00000488   Code   RO         1019    .text               wifi_hw.o
    0x080076c8   0x00000040   Code   RO         1085    .text               timer.o
    0x08007708   0x000016c8   Code   RO         1108    .text               uip.o
    0x08008dd0   0x0000040c   Code   RO         1143    .text               uip_arp.o
    0x080091dc   0x0000000c   Code   RO         1265    .text               clock-arch.o
    0x080091e8   0x00000054   Code   RO         1286    .text               tapdev.o
    0x0800923c   0x000001c4   Code   RO         1321    .text               uip_app.o
    0x08009400   0x000000e0   Code   RO         1345    .text               udp_client.o
    0x080094e0   0x000003bc   Code   RO         1380    .text               dhcps.o
    0x0800989c   0x0000005e   Code   RO         1410    .text               c_w.l(h1_alloc.o)
    0x080098fa   0x0000004e   Code   RO         1412    .text               c_w.l(h1_free.o)
    0x08009948   0x00000034   Code   RO         1468    .text               c_w.l(c89vsnprintf.o)
    0x0800997c   0x0000002c   Code   RO         1472    .text               c_w.l(__2sprintf.o)
    0x080099a8   0x00000052   Code   RO         1480    .text               c_w.l(_printf_pad.o)
    0x080099fa   0x00000002   PAD
    0x080099fc   0x00000078   Code   RO         1482    .text               c_w.l(_printf_dec.o)
    0x08009a74   0x0000009c   Code   RO         1502    .text               c_w.l(_printf_hex_int_ll_ptr.o)
    0x08009b10   0x0000018c   Code   RO         1522    .text               c_w.l(__printf_flags_ss_wp.o)
    0x08009c9c   0x0000001a   Code   RO         1528    .text               c_w.l(atoi.o)
    0x08009cb6   0x00000058   Code   RO         1530    .text               c_w.l(memcmp.o)
    0x08009d0e   0x00000048   Code   RO         1532    .text               c_w.l(strcpy.o)
    0x08009d56   0x0000003e   Code   RO         1534    .text               c_w.l(strlen.o)
    0x08009d94   0x0000008a   Code   RO         1536    .text               c_w.l(rt_memcpy_v6.o)
    0x08009e1e   0x00000064   Code   RO         1538    .text               c_w.l(rt_memcpy_w.o)
    0x08009e82   0x00000010   Code   RO         1540    .text               c_w.l(aeabi_memset.o)
    0x08009e92   0x00000044   Code   RO         1542    .text               c_w.l(rt_memclr.o)
    0x08009ed6   0x0000004e   Code   RO         1544    .text               c_w.l(rt_memclr_w.o)
    0x08009f24   0x00000080   Code   RO         1546    .text               c_w.l(strcmpv7m.o)
    0x08009fa4   0x00000006   Code   RO         1548    .text               c_w.l(heapauxi.o)
    0x08009faa   0x00000002   PAD
    0x08009fac   0x00000008   Code   RO         1558    .text               c_w.l(rt_heap_descriptor_intlibspace.o)
    0x08009fb4   0x00000008   Code   RO         1563    .text               c_w.l(rt_errno_addr_intlibspace.o)
    0x08009fbc   0x00000004   Code   RO         1565    .text               c_w.l(hguard.o)
    0x08009fc0   0x0000008a   Code   RO         1567    .text               c_w.l(init_alloc.o)
    0x0800a04a   0x0000000e   Code   RO         1571    .text               c_w.l(h1_init.o)
    0x0800a058   0x00000024   Code   RO         1585    .text               c_w.l(_printf_truncate.o)
    0x0800a07c   0x00000052   Code   RO         1587    .text               c_w.l(_printf_str.o)
    0x0800a0ce   0x000000b8   Code   RO         1589    .text               c_w.l(_printf_intcommon.o)
    0x0800a186   0x0000002a   Code   RO         1591    .text               c_w.l(_printf_charcount.o)
    0x0800a1b0   0x00000030   Code   RO         1593    .text               c_w.l(_printf_char_common.o)
    0x0800a1e0   0x0000000a   Code   RO         1595    .text               c_w.l(_sputc.o)
    0x0800a1ea   0x00000010   Code   RO         1597    .text               c_w.l(_snputc.o)
    0x0800a1fa   0x00000002   PAD
    0x0800a1fc   0x000000bc   Code   RO         1601    .text               c_w.l(_printf_wctomb.o)
    0x0800a2b8   0x00000078   Code   RO         1604    .text               c_w.l(_printf_longlong_dec.o)
    0x0800a330   0x00000078   Code   RO         1610    .text               c_w.l(_printf_oct_int_ll.o)
    0x0800a3a8   0x00000070   Code   RO         1633    .text               c_w.l(strtol.o)
    0x0800a418   0x00000008   Code   RO         1690    .text               c_w.l(libspace.o)
    0x0800a420   0x00000010   Code   RO         1708    .text               c_w.l(rt_ctype_table.o)
    0x0800a430   0x00000034   Code   RO         1714    .text               c_w.l(h1_extend.o)
    0x0800a464   0x0000008a   Code   RO         1718    .text               c_w.l(lludiv10.o)
    0x0800a4ee   0x00000420   Code   RO         1720    .text               c_w.l(_printf_fp_dec.o)
    0x0800a90e   0x0000002c   Code   RO         1724    .text               c_w.l(_printf_char.o)
    0x0800a93a   0x0000002c   Code   RO         1726    .text               c_w.l(_printf_wchar.o)
    0x0800a966   0x0000009e   Code   RO         1728    .text               c_w.l(_strtoul.o)
    0x0800aa04   0x00000040   Code   RO         1744    .text               c_w.l(_wcrtomb.o)
    0x0800aa44   0x0000000e   Code   RO         1746    .text               c_w.l(defsig_rtmem_outer.o)
    0x0800aa52   0x00000002   Code   RO         1762    .text               c_w.l(use_no_semi.o)
    0x0800aa54   0x00000000   Code   RO         1764    .text               c_w.l(indicate_semi.o)
    0x0800aa54   0x0000004a   Code   RO         1765    .text               c_w.l(sys_stackheap_outer.o)
    0x0800aa9e   0x00000002   PAD
    0x0800aaa0   0x00000008   Code   RO         1772    .text               c_w.l(rt_locale_intlibspace.o)
    0x0800aaa8   0x00000080   Code   RO         1776    .text               c_w.l(_printf_fp_infnan.o)
    0x0800ab28   0x0000001c   Code   RO         1778    .text               c_w.l(_chval.o)
    0x0800ab44   0x000000e4   Code   RO         1780    .text               c_w.l(bigflt0.o)
    0x0800ac28   0x0000000c   Code   RO         1824    .text               c_w.l(exit.o)
    0x0800ac34   0x0000000a   Code   RO         1826    .text               c_w.l(defsig_exit.o)
    0x0800ac3e   0x00000002   PAD
    0x0800ac40   0x00000050   Code   RO         1832    .text               c_w.l(defsig_rtmem_inner.o)
    0x0800ac90   0x0000000c   Code   RO         1866    .text               c_w.l(sys_exit.o)
    0x0800ac9c   0x00000032   Code   RO         1886    .text               c_w.l(defsig_general.o)
    0x0800acce   0x0000000e   Code   RO         1892    .text               c_w.l(sys_wrch.o)
    0x0800acdc   0x0000003e   Code   RO         1783    CL$$btod_d2e        c_w.l(btod.o)
    0x0800ad1a   0x00000046   Code   RO         1785    CL$$btod_d2e_denorm_low  c_w.l(btod.o)
    0x0800ad60   0x00000060   Code   RO         1784    CL$$btod_d2e_norm_op1  c_w.l(btod.o)
    0x0800adc0   0x00000338   Code   RO         1793    CL$$btod_div_common  c_w.l(btod.o)
    0x0800b0f8   0x000000c6   Code   RO         1790    CL$$btod_e2e        c_w.l(btod.o)
    0x0800b1be   0x00000028   Code   RO         1787    CL$$btod_ediv       c_w.l(btod.o)
    0x0800b1e6   0x00000028   Code   RO         1786    CL$$btod_emul       c_w.l(btod.o)
    0x0800b20e   0x00000244   Code   RO         1792    CL$$btod_mult_common  c_w.l(btod.o)
    0x0800b452   0x00000030   Code   RO         1864    i.__ARM_fpclassify  m_wm.l(fpclassify.o)
    0x0800b482   0x0000000e   Code   RO         1515    i._is_digit         c_w.l(__printf_wp.o)
    0x0800b490   0x0000002c   Code   RO         1819    locale$$code        c_w.l(lc_ctype_c.o)
    0x0800b4bc   0x0000002c   Code   RO         1822    locale$$code        c_w.l(lc_numeric_c.o)
    0x0800b4e8   0x0000000a   Code   RO         1755    x$fpl$fpinit        fz_wm.l(fpinit.o)
    0x0800b4f2   0x00000004   Code   RO         1686    x$fpl$printf1       fz_wm.l(printf1.o)
    0x0800b4f6   0x00000000   Code   RO         1863    x$fpl$usenofp       fz_wm.l(usenofp.o)
    0x0800b4f6   0x00000730   Data   RO          338    .constdata          dcmi_ov2640.o
    0x0800bc26   0x00000002   PAD
    0x0800bc28   0x00000068   Data   RO          803    .constdata          wlancmd.o
    0x0800bc90   0x0000004c   Data   RO         1021    .constdata          wifi_hw.o
    0x0800bcdc   0x00000008   Data   RO         1110    .constdata          uip.o
    0x0800bce4   0x0000000a   Data   RO         1145    .constdata          uip_arp.o
    0x0800bcee   0x00000028   Data   RO         1503    .constdata          c_w.l(_printf_hex_int_ll_ptr.o)
    0x0800bd16   0x00000011   Data   RO         1523    .constdata          c_w.l(__printf_flags_ss_wp.o)
    0x0800bd27   0x00000001   PAD
    0x0800bd28   0x00000008   Data   RO         1602    .constdata          c_w.l(_printf_wctomb.o)
    0x0800bd30   0x00000094   Data   RO         1781    .constdata          c_w.l(bigflt0.o)
    0x0800bdc4   0x00000020   Data   RO         1930    Region$$Table       anon$$obj.o
    0x0800bde4   0x00000110   Data   RO         1818    locale$$data        c_w.l(lc_ctype_c.o)
    0x0800bef4   0x0000001c   Data   RO         1821    locale$$data        c_w.l(lc_numeric_c.o)


    Execution Region RW_IRAM1 (Base: 0x20000000, Size: 0x00003908, Max: 0x00020000, ABSOLUTE)

    Base Addr    Size         Type   Attr      Idx    E Section Name        Object

    0x20000000   0x00000004   Data   RW          231    .data               delay.o
    0x20000004   0x00000002   Data   RW          307    .data               stm32f4xx_it.o
    0x20000006   0x00000002   Data   RW          339    .data               dcmi_ov2640.o
    0x20000008   0x00000004   Data   RW          447    .data               timerx.o
    0x2000000c   0x00000014   Data   RW          480    .data               system_stm32f4xx.o
    0x20000020   0x00000010   Data   RW          626    .data               stm32f4xx_rcc.o
    0x20000030   0x00000004   Data   RW          769    .data               wlanadapter.o
    0x20000034   0x00000008   Data   RW          989    .data               wifi_if.o
    0x2000003c   0x0000003c   Data   RW         1111    .data               uip.o
    0x20000078   0x00000008   Data   RW         1146    .data               uip_arp.o
    0x20000080   0x00000011   Data   RW         1322    .data               uip_app.o
    0x20000091   0x00000003   PAD
    0x20000094   0x0000000c   Data   RW         1347    .data               udp_client.o
    0x200000a0   0x0000000c   Data   RW         1381    .data               dhcps.o
    0x200000ac   0x00000960   Zero   RW          337    .bss                dcmi_ov2640.o
    0x20000a0c   0x00000102   Zero   RW          365    .bss                usart.o
    0x20000b0e   0x00000002   PAD
    0x20000b10   0x000008f8   Zero   RW          768    .bss                wlanadapter.o
    0x20001408   0x00000400   Zero   RW         1020    .bss                wifi_hw.o
    0x20001808   0x00000b3c   Zero   RW         1109    .bss                uip.o
    0x20002344   0x00000060   Zero   RW         1144    .bss                uip_arp.o
    0x200023a4   0x00000060   Zero   RW         1691    .bss                c_w.l(libspace.o)
    0x20002404   0x00000004   PAD
    0x20002408   0x00001000   Zero   RW          471    HEAP                startup_stm32f40_41xxx.o
    0x20003408   0x00000500   Zero   RW          470    STACK               startup_stm32f40_41xxx.o


==============================================================================

Image component sizes


      Code (inc. data)   RO Data    RW Data    ZI Data      Debug   Object Name

        12          6          0          0          0        509   clock-arch.o
      2044        100       1840          2       2400       8807   dcmi_ov2640.o
       192         18          0          4          0       1107   delay.o
       956         76          0         12          0       3520   dhcps.o
       628         44          0          0          0       3543   flash.o
       348         10          0          0          0       1998   gspi.o
       560        178          0          0          0     384132   main.o
       228         22          0          0          0       2017   misc.o
        64         26        392          0       5376        916   startup_stm32f40_41xxx.o
       396          6          0          0          0       3650   stm32f4xx_dcmi.o
       932         32          0          0          0       6497   stm32f4xx_dma.o
       272         10          0          0          0       2463   stm32f4xx_exti.o
      1684         26          0          0          0       9354   stm32f4xx_flash.o
       660         44          0          0          0       4293   stm32f4xx_gpio.o
      1110         26          0          0          0       8747   stm32f4xx_i2c.o
       132         28          0          2          0       2248   stm32f4xx_it.o
      1588         52          0         16          0      12978   stm32f4xx_rcc.o
      1100         34          0          0          0       7013   stm32f4xx_spi.o
       152         18          0          0          0       1929   stm32f4xx_syscfg.o
      3234         60          0          0          0      22496   stm32f4xx_tim.o
      1108         34          0          0          0       7996   stm32f4xx_usart.o
       524         44          0         20          0       2175   system_stm32f4xx.o
        84         16          0          0          0        942   tapdev.o
        64          0          0          0          0       2144   timer.o
       132         10          0          4          0       1064   timerx.o
       224         36          0         12          0       9804   udp_client.o
      5832        638          8         60       2876      15923   uip.o
       452         52          0         17          0       2835   uip_app.o
      1036         60         10          8         96       3235   uip_arp.o
       840         32          0          0        258       3380   usart.o
      1160        296         76          0       1024       4309   wifi_hw.o
      1512        488          0          8          0       6187   wifi_if.o
       768        182          0          0          0       2108   wifiapiexport.o
      1812        326          0          0          0       3407   wificommand.o
        76          0          0          4       2296       5313   wlanadapter.o
      4888        942        104          0          0      13768   wlancmd.o
       148         64          0          0          0       1010   wlaninit.o
       592         32          0          0          0       2823   wlanmisc.o
       788        290          0          0          0       2126   wlanpkt.o

    ----------------------------------------------------------------------
     38336       4358       2464        172      14328     578766   Object Totals
         0          0         32          0          0          0   (incl. Generated)
         4          0          2          3          2          0   (incl. Padding)

    ----------------------------------------------------------------------

      Code (inc. data)   RO Data    RW Data    ZI Data      Debug   Library Member Name

        44          6          0          0          0         84   __2sprintf.o
         8          0          0          0          0         68   __main.o
       396          6         17          0          0         92   __printf_flags_ss_wp.o
        14          0          0          0          0         68   __printf_wp.o
        52          8          0          0          0          0   __scatter.o
        26          0          0          0          0          0   __scatter_copy.o
        28          0          0          0          0          0   __scatter_zi.o
        28          0          0          0          0         68   _chval.o
         6          0          0          0          0          0   _printf_a.o
         6          0          0          0          0          0   _printf_c.o
        44          0          0          0          0        108   _printf_char.o
        48          6          0          0          0         96   _printf_char_common.o
        42          0          0          0          0         68   _printf_charcount.o
         6          0          0          0          0          0   _printf_d.o
       120         18          0          0          0         92   _printf_dec.o
         6          0          0          0          0          0   _printf_e.o
         6          0          0          0          0          0   _printf_f.o
      1056          0          0          0          0        216   _printf_fp_dec.o
       128         16          0          0          0         84   _printf_fp_infnan.o
         6          0          0          0          0          0   _printf_g.o
       156          6         40          0          0        160   _printf_hex_int_ll_ptr.o
         6          0          0          0          0          0   _printf_i.o
       184          0          0          0          0         88   _printf_intcommon.o
        10          0          0          0          0          0   _printf_l.o
         6          0          0          0          0          0   _printf_lc.o
        10          0          0          0          0          0   _printf_ll.o
         6          0          0          0          0          0   _printf_lld.o
         6          0          0          0          0          0   _printf_lli.o
         6          0          0          0          0          0   _printf_llo.o
         6          0          0          0          0          0   _printf_llu.o
         6          0          0          0          0          0   _printf_llx.o
       120         16          0          0          0         92   _printf_longlong_dec.o
         6          0          0          0          0          0   _printf_ls.o
         6          0          0          0          0          0   _printf_n.o
         6          0          0          0          0          0   _printf_o.o
       120          8          0          0          0        124   _printf_oct_int_ll.o
         6          0          0          0          0          0   _printf_p.o
        82          0          0          0          0        108   _printf_pad.o
         0          0          0          0          0          0   _printf_percent.o
         4          0          0          0          0          0   _printf_percent_end.o
         6          0          0          0          0          0   _printf_s.o
        82          0          0          0          0         80   _printf_str.o
        36          0          0          0          0         84   _printf_truncate.o
         6          0          0          0          0          0   _printf_u.o
        44          0          0          0          0        108   _printf_wchar.o
       188          6          8          0          0         92   _printf_wctomb.o
         6          0          0          0          0          0   _printf_x.o
        16          0          0          0          0         68   _snputc.o
        10          0          0          0          0         68   _sputc.o
       158          0          0          0          0         92   _strtoul.o
        64          0          0          0          0         92   _wcrtomb.o
        16          0          0          0          0         68   aeabi_memset.o
        26          0          0          0          0         80   atoi.o
       228          6        148          0          0         96   bigflt0.o
      1910        128          0          0          0        672   btod.o
        52          4          0          0          0         80   c89vsnprintf.o
        10          0          0          0          0         68   defsig_exit.o
        50          0          0          0          0         88   defsig_general.o
        80         58          0          0          0         76   defsig_rtmem_inner.o
        14          0          0          0          0         80   defsig_rtmem_outer.o
        12          0          0          0          0         72   exit.o
        94          0          0          0          0         80   h1_alloc.o
        52          0          0          0          0         68   h1_extend.o
        78          0          0          0          0         80   h1_free.o
        14          0          0          0          0         84   h1_init.o
         6          0          0          0          0        152   heapauxi.o
         4          0          0          0          0        136   hguard.o
         0          0          0          0          0          0   indicate_semi.o
       138          0          0          0          0        168   init_alloc.o
        44         10        272          0          0         76   lc_ctype_c.o
        44         10         28          0          0         76   lc_numeric_c.o
         2          0          0          0          0          0   libinit.o
        42          0          0          0          0          0   libinit2.o
         2          0          0          0          0          0   libshutdown.o
         2          0          0          0          0          0   libshutdown2.o
         8          4          0          0         96         68   libspace.o
       138          0          0          0          0         80   lludiv10.o
         0          0          0          0          0          0   maybetermalloc1.o
        88          0          0          0          0         76   memcmp.o
        16          4          0          0          0         76   rt_ctype_table.o
         8          4          0          0          0         68   rt_errno_addr_intlibspace.o
         8          4          0          0          0         68   rt_heap_descriptor_intlibspace.o
         8          4          0          0          0         68   rt_locale_intlibspace.o
        68          0          0          0          0         68   rt_memclr.o
        78          0          0          0          0         80   rt_memclr_w.o
       138          0          0          0          0         68   rt_memcpy_v6.o
       100          0          0          0          0         80   rt_memcpy_w.o
         0          0          0          0          0          0   rtentry.o
        12          0          0          0          0          0   rtentry2.o
         6          0          0          0          0          0   rtentry4.o
         2          0          0          0          0          0   rtexit.o
        10          0          0          0          0          0   rtexit2.o
       128          0          0          0          0         68   strcmpv7m.o
        72          0          0          0          0         80   strcpy.o
        62          0          0          0          0         76   strlen.o
       112          0          0          0          0         88   strtol.o
        12          4          0          0          0         68   sys_exit.o
        74          0          0          0          0         80   sys_stackheap_outer.o
        14          0          0          0          0         76   sys_wrch.o
         2          0          0          0          0         68   use_no_semi.o
        10          0          0          0          0        116   fpinit.o
         4          0          0          0          0        116   printf1.o
         0          0          0          0          0          0   usenofp.o
        48          0          0          0          0        124   fpclassify.o

    ----------------------------------------------------------------------
      7598        336        514          0        100       6360   Library Totals
        14          0          1          0          4          0   (incl. Padding)

    ----------------------------------------------------------------------

      Code (inc. data)   RO Data    RW Data    ZI Data      Debug   Library Name

      7522        336        513          0         96       6004   c_w.l
        14          0          0          0          0        232   fz_wm.l
        48          0          0          0          0        124   m_wm.l

    ----------------------------------------------------------------------
      7598        336        514          0        100       6360   Library Totals

    ----------------------------------------------------------------------

==============================================================================


      Code (inc. data)   RO Data    RW Data    ZI Data      Debug   

     45934       4694       2978        172      14428     573138   Grand Totals
     45934       4694       2978        172      14428     573138   ELF Image Totals
     45934       4694       2978        172          0          0   ROM Totals

==============================================================================

    Total RO  Size (Code + RO Data)                48912 (  47.77kB)
    Total RW  Size (RW Data + ZI Data)             14600 (  14.26kB)
    Total ROM Size (Code + RO Data + RW Data)      49084 (  47.93kB)

==============================================================================

